Microchip MPLAB XC8 Compiler V2.46

Linker command line:

-W-3 \
  --edf=C:\Program Files\Microchip\xc8\v2.46\pic\dat\20240104201356_en.msgs \
  -cn -h+dist/default/debug\smart_home_slave1_mcu.X.debug.sym \
  --cmf=dist/default/debug\smart_home_slave1_mcu.X.debug.cmf -z -w9 \
  --disl=596:off -Q18F46K20 \
  -oC:\Users\adhfj\AppData\Local\Temp\xcAs284.\driver_tmp_3.o \
  --defsym=__MPLAB_BUILD=1 \
  -Mdist/default/debug/smart_home_slave1_mcu.X.debug.map \
  --md=C:\Users\adhfj\AppData\Local\Temp\xcAs284.\driver_tmp_0.dat -E1 \
  -ver=XC8 Compiler --acfsm=1493 -ACODE=00h-0FFFFh -ACONST=00h-0FFFFh \
  -ASMALLCONST=01000h-010FFhx240 -AMEDIUMCONST=01000h-0FFFFh \
  -ACOMRAM=01h-05Fh -AABS1=00h-0F5Fh -ABIGRAM=01h-0F5Fh \
  -ARAM=060h-0FFh,0100h-01FFhx14,0F00h-0F5Fh -ABANK0=060h-0FFh \
  -ABANK1=0100h-01FFh -ABANK2=0200h-02FFh -ABANK3=0300h-03FFh \
  -ABANK4=0400h-04FFh -ABANK5=0500h-05FFh -ABANK6=0600h-06FFh \
  -ABANK7=0700h-07FFh -ABANK8=0800h-08FFh -ABANK9=0900h-09FFh \
  -ABANK10=0A00h-0AFFh -ABANK11=0B00h-0BFFh -ABANK12=0C00h-0CFFh \
  -ABANK13=0D00h-0DFFh -ABANK14=0E00h-0EFFh -ABANK15=0F00h-0F5Fh \
  -ASFR=0F60h-0FFFh -ABIGSFR=0F60h-0FFFh -ACONFIG=0300000h-030000Dh \
  -AIDLOC=0200000h-0200007h -AEEDATA=0F00000h-0F003FFh -peeprom_data=EEDATA \
  -preset_vec=00h,intcode,sivt_hi,intcodelo,sivt_lo,powerup,init \
  -pramtop=01000h -psmallconst=SMALLCONST -pmediumconst=MEDIUMCONST \
  -pconst=CONST -AFARRAM=00h-00h \
  -prdata=COMRAM,nvrram=COMRAM,nvbit=COMRAM,rbss=COMRAM,rbit=COMRAM \
  -pfarbss=FARRAM,fardata=FARRAM,nvFARRAM=FARRAM \
  -pintsave_regs=BIGRAM,bigbss=BIGRAM,bigdata=BIGRAM -pbss=RAM \
  -pidata=CODE,irdata=CODE,ibigdata=CODE,ifardata=CODE \
  C:\Users\adhfj\AppData\Local\Temp\xcAs284.\driver_tmp_9.o \
  dist/default/debug\smart_home_slave1_mcu.X.debug.o 

Object code version is 3.11

Machine type is 18F46K20



                Name                               Link     Load   Length Selector   Space Scale
C:\Users\adhfj\AppData\Local\Temp\xcAs284.\driver_tmp_9.o
                config                           300000   300000        E        0       4
                init                                 36       36        4        0       0
dist/default/debug\smart_home_slave1_mcu.X.debug.o
                intcode                               0        0       36        0       0
                config                           300000   300000        E        0       4
                temp                                 5D       5D        1        1       1
                smallconst                         1000     1000        6      800       0
                text22                             164A     164A        2      803       0
                text21                             1548     1548       2E      803       0
                text19                             14DA     14DA       3A      803       0
                text18                             163A     163A        A      803       0
                text17                             15C2     15C2       24      803       0
                text16                             1630     1630        A      803       0
                text15                             1626     1626        A      803       0
                text14                             161C     161C        A      803       0
                text13                             149C     149C       3E      803       0
                text12                             1644     1644        6      803       0
                text11                             1612     1612        A      803       0
                text10                             1514     1514       34      803       0
                text9                              1006     1006      112      803       0
                text8                              1118     1118      110      803       0
                text7                              130E     130E       5E      803       0
                text6                              1576     1576       28      803       0
                text5                              13C8     13C8       50      803       0
                text4                              136C     136C       5C      803       0
                text3                              1228     1228       E6      803       0
                text2                              15E6     15E6       1E      803       0
                text1                              1604     1604        E      803       0
                text0                              145A     145A       42      803       0
                cstackCOMRAM                         41       41       14        1       1
                bssBANK0                             60       60       12       60       1
                dataCOMRAM                            1        1       24        1       1
                bssCOMRAM                            25       25       1C        1       1
                cinit                              1418     1418       42      803       0
                nvCOMRAM                             55       55        8        1       1
                idataCOMRAM                        159E     159E       24      803       0

TOTAL           Name                               Link     Load   Length     Space
        CLASS   CODE           
                intcode                               0        0       36         0
                init                                 36       36        4         0
                text22                             164A     164A        2         0
                text21                             1548     1548       2E         0
                text19                             14DA     14DA       3A         0
                text18                             163A     163A        A         0
                text17                             15C2     15C2       24         0
                text16                             1630     1630        A         0
                text15                             1626     1626        A         0
                text14                             161C     161C        A         0
                text13                             149C     149C       3E         0
                text12                             1644     1644        6         0
                text11                             1612     1612        A         0
                text10                             1514     1514       34         0
                text9                              1006     1006      112         0
                text8                              1118     1118      110         0
                text7                              130E     130E       5E         0
                text6                              1576     1576       28         0
                text5                              13C8     13C8       50         0
                text4                              136C     136C       5C         0
                text3                              1228     1228       E6         0
                text2                              15E6     15E6       1E         0
                text1                              1604     1604        E         0
                text0                              145A     145A       42         0
                cinit                              1418     1418       42         0
                idataCOMRAM                        159E     159E       24         0

        CLASS   CONST          

        CLASS   SMALLCONST     
                smallconst                         1000     1000        6         0

        CLASS   MEDIUMCONST    

        CLASS   COMRAM         
                temp                                 5D       5D        1         1
                cstackCOMRAM                         41       41       14         1
                dataCOMRAM                            1        1       24         1
                bssCOMRAM                            25       25       1C         1
                nvCOMRAM                             55       55        8         1

        CLASS   ABS1           

        CLASS   BIGRAM         

        CLASS   RAM            

        CLASS   BANK0          
                bssBANK0                             60       60       12         1

        CLASS   BANK1          

        CLASS   BANK2          

        CLASS   BANK3          

        CLASS   BANK4          

        CLASS   BANK5          

        CLASS   BANK6          

        CLASS   BANK7          

        CLASS   BANK8          

        CLASS   BANK9          

        CLASS   BANK10         

        CLASS   BANK11         

        CLASS   BANK12         

        CLASS   BANK13         

        CLASS   BANK14         

        CLASS   BANK15         

        CLASS   SFR            

        CLASS   BIGSFR         

        CLASS   CONFIG         
                config                           300000   300000        E         4

        CLASS   IDLOC          

        CLASS   EEDATA         

        CLASS   FARRAM         

        CLASS   HEAP           

        CLASS   STACK          



SEGMENTS        Name                           Load    Length   Top    Selector   Space  Class

                reset_vec                      000000  00003A  00003A         0       0  CODE    
                dataCOMRAM                     000001  00005D  00005E         1       1  COMRAM  
                bssBANK0                       000060  000012  000072        60       1  BANK0   
                smallconst                     001000  000006  001006       800       0  SMALLCON
                text9                          001006  000646  00164C       803       0  CODE    


UNUSED ADDRESS RANGES

        Name                Unused          Largest block    Delta
        BANK0            000072-0000FF               8E
        BANK1            000100-0001FF              100
        BANK10           000A00-000AFF              100
        BANK11           000B00-000BFF              100
        BANK12           000C00-000CFF              100
        BANK13           000D00-000DFF              100
        BANK14           000E00-000EFF              100
        BANK15           000F00-000F5F               60
        BANK2            000200-0002FF              100
        BANK3            000300-0003FF              100
        BANK4            000400-0004FF              100
        BANK5            000500-0005FF              100
        BANK6            000600-0006FF              100
        BANK7            000700-0007FF              100
        BANK8            000800-0008FF              100
        BANK9            000900-0009FF              100
        BIGRAM           00005E-00005F                2
                         000072-000F5F              EEE
        BIGSFR           000F60-000FFF               A0
        CODE             00003A-000FFF              FC6
                         00164C-00FFFF             E9B4
        COMRAM           00005E-00005F                2
        CONST            00003A-000FFF              FC6
                         00164C-00FFFF             E9B4
        EEDATA           F00000-F003FF              400
        IDLOC            200000-200007                8
        MEDIUMCONST      00164C-00FFFF             E9B4
        RAM              000072-000F5F              100
        SFR              000F60-000FFF               A0
        SMALLCONST       00164C-00FFFF              100

                                  Symbol Table

?_ADC_GetConversion                            cstackCOMRAM 000043
ADC_GetConversion@channel                      cstackCOMRAM 000047
ADC_SetInterruptHandler@InterruptHandler       cstackCOMRAM 000043
EUSART_SetErrorHandler@interruptHandler        cstackCOMRAM 000043
EUSART_SetFramingErrorHandler@interruptHandler cstackCOMRAM 000043
EUSART_SetOverrunErrorHandler@interruptHandler cstackCOMRAM 000043
_ADCON0                                        (abs)        000FC2
_ADCON0bits                                    (abs)        000FC2
_ADCON1                                        (abs)        000FC1
_ADCON2                                        (abs)        000FC0
_ADC_DefaultInterruptHandler                   text22       00164A
_ADC_GetConversion                             text19       0014DA
_ADC_ISR                                       text21       001548
_ADC_Initialize                                text17       0015C2
_ADC_InterruptHandler                          nvCOMRAM     000055
_ADC_SetInterruptHandler                       text18       00163A
_ADRESH                                        (abs)        000FC4
_ADRESL                                        (abs)        000FC3
_ANSEL                                         (abs)        000F7E
_ANSELH                                        (abs)        000F7F
_BAUDCON                                       (abs)        000FB8
_Divide_Array_Date_Time                                           
_Divide_Array_Date_Time$0                      cstackCOMRAM 000041
_Divide_Array_Date_Time$1                      cstackCOMRAM 000042
_EUSART_DefaultErrorHandler                    (abs)        000000
_EUSART_DefaultFramingErrorHandler             (abs)        000000
_EUSART_DefaultOverrunErrorHandler             (abs)        000000
_EUSART_ErrorHandler                           nvCOMRAM     000057
_EUSART_FramingErrorHandler                    nvCOMRAM     00005B
_EUSART_Initialize                             text13       00149C
_EUSART_OverrunErrorHandler                    nvCOMRAM     000059
_EUSART_SetErrorHandler                        text16       001630
_EUSART_SetFramingErrorHandler                 text15       001626
_EUSART_SetOverrunErrorHandler                 text14       00161C
_INTCON2bits                                   (abs)        000FF1
_INTCONbits                                    (abs)        000FF2
_INTERRUPT_Initialize                          text12       001644
_INTERRUPT_InterruptManagerHigh                intcode      000000
_IPR1bits                                      (abs)        000F9F
_LATA                                          (abs)        000F89
_LATAbits                                      (abs)        000F89
_LATB                                          (abs)        000F8A
_LATC                                          (abs)        000F8B
_LATD                                          (abs)        000F8C
_LATE                                          (abs)        000F8D
_OSCCON                                        (abs)        000FD3
_OSCILLATOR_Initialize                         text11       001612
_OSCTUNE                                       (abs)        000F9B
_PIE1bits                                      (abs)        000F9D
_PIN_MANAGER_Initialize                        text10       001514
_PIR1bits                                      (abs)        000F9E
_PORTA                                         (abs)        000F80
_PORTB                                         (abs)        000F81
_PORTC                                         (abs)        000F82
_PORTD                                         (abs)        000F83
_PORTE                                         (abs)        000F84
_RCONbits                                      (abs)        000FD0
_RCREG                                         (abs)        000FAE
_RCSTA                                         (abs)        000FAB
_RCSTAbits                                     (abs)        000FAB
_RTC_Date_Pack                                 bssCOMRAM    000031
_RTC_Time_Pack                                 bssCOMRAM    000039
_SPBRG                                         (abs)        000FAF
_SPBRGH                                        (abs)        000FB0
_SYSTEM_Initialize                             text2        0015E6
_TRISA                                         (abs)        000F92
_TRISB                                         (abs)        000F93
_TRISC                                         (abs)        000F94
_TRISD                                         (abs)        000F95
_TRISE                                         (abs)        000F96
_TXREG                                         (abs)        000FAD
_TXSTA                                         (abs)        000FAC
_TXSTAbits                                     (abs)        000FAC
_Time_Date_Pack                                bssBANK0     000060
_WPUB                                          (abs)        000F7C
__HRAM                                         (abs)        000000
__H__absolute__                                __absolute__ 000000
__Habs1                                        abs1         000000
__Hbank0                                       bank0        000000
__Hbank1                                       bank1        000000
__Hbank10                                      bank10       000000
__Hbank11                                      bank11       000000
__Hbank12                                      bank12       000000
__Hbank13                                      bank13       000000
__Hbank14                                      bank14       000000
__Hbank15                                      bank15       000000
__Hbank2                                       bank2        000000
__Hbank3                                       bank3        000000
__Hbank4                                       bank4        000000
__Hbank5                                       bank5        000000
__Hbank6                                       bank6        000000
__Hbank7                                       bank7        000000
__Hbank8                                       bank8        000000
__Hbank9                                       bank9        000000
__Hbigbss                                      bigbss       000000
__Hbigdata                                     bigdata      000000
__Hbigram                                      bigram       000000
__Hbigsfr                                      bigsfr       000000
__Hbss                                         bss          000000
__HbssBANK0                                    bssBANK0     000000
__HbssCOMRAM                                   bssCOMRAM    000000
__Hcinit                                       cinit        000000
__Hclrtext                                     clrtext      000000
__Hcomram                                      comram       000000
__Hconfig                                      config       30000E
__Hconst                                       const        000000
__HcstackCOMRAM                                cstackCOMRAM 000000
__Hdata                                        data         000000
__HdataCOMRAM                                  dataCOMRAM   000000
__Heeprom_data                                 eeprom_data  000000
__Hfarbss                                      farbss       000000
__Hfardata                                     fardata      000000
__Hheap                                        heap         000000
__Hibigdata                                    ibigdata     000000
__Hidata                                       idata        000000
__HidataCOMRAM                                 idataCOMRAM  000000
__Hidloc                                       idloc        000000
__Hifardata                                    ifardata     000000
__Hinit                                        init         00003A
__Hintcode                                     intcode      000036
__Hintcode_body                                intcode_body 000000
__Hintcodelo                                   intcodelo    000036
__Hintentry                                    intentry     000000
__Hintret                                      intret       000000
__Hintsave_regs                                intsave_regs 000000
__Hirdata                                      irdata       000000
__Hmediumconst                                 mediumconst  000000
__HnvCOMRAM                                    nvCOMRAM     000000
__HnvFARRAM                                    nvFARRAM     000000
__Hnvbit                                       nvbit        000000
__Hnvrram                                      nvrram       000000
__Hparam                                       rparam       000000
__Hpowerup                                     powerup      000036
__Hram                                         ram          000000
__Hramtop                                      ramtop       001000
__Hrbit                                        rbit         000000
__Hrbss                                        rbss         000000
__Hrdata                                       rdata        000000
__Hreset_vec                                   reset_vec    000000
__Hrparam                                      rparam       000000
__Hsfr                                         sfr          000000
__Hsivt_hi                                     sivt_hi      000036
__Hsivt_lo                                     sivt_lo      000036
__Hsmallconst                                  smallconst   001006
__Hspace_0                                     (abs)        00164C
__Hspace_1                                     (abs)        000072
__Hspace_2                                     (abs)        000000
__Hspace_4                                     (abs)        60000E
__Hstack                                       stack        000000
__Hstruct                                      struct       000000
__Htemp                                        temp         00005E
__Htext                                        text         000000
__Htext0                                       text0        000000
__Htext1                                       text1        000000
__Htext10                                      text10       000000
__Htext11                                      text11       000000
__Htext12                                      text12       000000
__Htext13                                      text13       000000
__Htext14                                      text14       000000
__Htext15                                      text15       000000
__Htext16                                      text16       000000
__Htext17                                      text17       000000
__Htext18                                      text18       000000
__Htext19                                      text19       000000
__Htext2                                       text2        000000
__Htext21                                      text21       000000
__Htext22                                      text22       000000
__Htext3                                       text3        000000
__Htext4                                       text4        000000
__Htext5                                       text5        000000
__Htext6                                       text6        000000
__Htext7                                       text7        000000
__Htext8                                       text8        000000
__Htext9                                       text9        000000
__LRAM                                         (abs)        000001
__L__absolute__                                __absolute__ 000000
__Labs1                                        abs1         000000
__Lbank0                                       bank0        000000
__Lbank1                                       bank1        000000
__Lbank10                                      bank10       000000
__Lbank11                                      bank11       000000
__Lbank12                                      bank12       000000
__Lbank13                                      bank13       000000
__Lbank14                                      bank14       000000
__Lbank15                                      bank15       000000
__Lbank2                                       bank2        000000
__Lbank3                                       bank3        000000
__Lbank4                                       bank4        000000
__Lbank5                                       bank5        000000
__Lbank6                                       bank6        000000
__Lbank7                                       bank7        000000
__Lbank8                                       bank8        000000
__Lbank9                                       bank9        000000
__Lbigbss                                      bigbss       000000
__Lbigdata                                     bigdata      000000
__Lbigram                                      bigram       000000
__Lbigsfr                                      bigsfr       000000
__Lbss                                         bss          000000
__LbssBANK0                                    bssBANK0     000000
__LbssCOMRAM                                   bssCOMRAM    000000
__Lcinit                                       cinit        000000
__Lclrtext                                     clrtext      000000
__Lcomram                                      comram       000000
__Lconfig                                      config       000000
__Lconst                                       const        000000
__LcstackCOMRAM                                cstackCOMRAM 000000
__Ldata                                        data         000000
__LdataCOMRAM                                  dataCOMRAM   000000
__Leeprom_data                                 eeprom_data  000000
__Lfarbss                                      farbss       000000
__Lfardata                                     fardata      000000
__Lheap                                        heap         000000
__Libigdata                                    ibigdata     000000
__Lidata                                       idata        000000
__LidataCOMRAM                                 idataCOMRAM  000000
__Lidloc                                       idloc        000000
__Lifardata                                    ifardata     000000
__Linit                                        init         000036
__Lintcode                                     intcode      000000
__Lintcode_body                                intcode_body 000000
__Lintcodelo                                   intcodelo    000036
__Lintentry                                    intentry     000000
__Lintret                                      intret       000000
__Lintsave_regs                                intsave_regs 000000
__Lirdata                                      irdata       000000
__Lmediumconst                                 mediumconst  000000
__LnvCOMRAM                                    nvCOMRAM     000000
__LnvFARRAM                                    nvFARRAM     000000
__Lnvbit                                       nvbit        000000
__Lnvrram                                      nvrram       000000
__Lparam                                       rparam       000000
__Lpowerup                                     powerup      000036
__Lram                                         ram          000000
__Lramtop                                      ramtop       001000
__Lrbit                                        rbit         000000
__Lrbss                                        rbss         000000
__Lrdata                                       rdata        000000
__Lreset_vec                                   reset_vec    000000
__Lrparam                                      rparam       000000
__Lsfr                                         sfr          000000
__Lsivt_hi                                     sivt_hi      000036
__Lsivt_lo                                     sivt_lo      000036
__Lsmallconst                                  smallconst   001000
__Lspace_0                                     (abs)        000000
__Lspace_1                                     (abs)        000000
__Lspace_2                                     (abs)        000000
__Lspace_4                                     (abs)        000000
__Lstack                                       stack        000000
__Lstruct                                      struct       000000
__Ltemp                                        temp         00005D
__Ltext                                        text         000000
__Ltext0                                       text0        000000
__Ltext1                                       text1        000000
__Ltext10                                      text10       000000
__Ltext11                                      text11       000000
__Ltext12                                      text12       000000
__Ltext13                                      text13       000000
__Ltext14                                      text14       000000
__Ltext15                                      text15       000000
__Ltext16                                      text16       000000
__Ltext17                                      text17       000000
__Ltext18                                      text18       000000
__Ltext19                                      text19       000000
__Ltext2                                       text2        000000
__Ltext21                                      text21       000000
__Ltext22                                      text22       000000
__Ltext3                                       text3        000000
__Ltext4                                       text4        000000
__Ltext5                                       text5        000000
__Ltext6                                       text6        000000
__Ltext7                                       text7        000000
__Ltext8                                       text8        000000
__Ltext9                                       text9        000000
__S0                                           (abs)        00164C
__S1                                           (abs)        000072
__S4                                           (abs)        000000
__S5                                           (abs)        000000
___heap_hi                                     (abs)        000000
___heap_lo                                     (abs)        000000
___inthi_sp                                    stack        000000
___inthi_stack_hi                              stack        000000
___inthi_stack_lo                              stack        000000
___intlo_sp                                    stack        000000
___intlo_stack_hi                              stack        000000
___intlo_stack_lo                              stack        000000
___param_bank                                  (abs)        000000
___rparam_used                                 (abs)        000001
___sp                                          stack        000000
___stack_hi                                    stack        000000
___stack_lo                                    stack        000000
__accesstop                                    (abs)        000060
__activetblptr                                 (abs)        000003
__end_of_ADC_DefaultInterruptHandler           text22       00164C
__end_of_ADC_GetConversion                     text19       001514
__end_of_ADC_ISR                               text21       001576
__end_of_ADC_Initialize                        text17       0015E6
__end_of_ADC_SetInterruptHandler               text18       001644
__end_of_EUSART_Initialize                     text13       0014DA
__end_of_EUSART_SetErrorHandler                text16       00163A
__end_of_EUSART_SetFramingErrorHandler         text15       001630
__end_of_EUSART_SetOverrunErrorHandler         text14       001626
__end_of_INTERRUPT_Initialize                  text12       00164A
__end_of_INTERRUPT_InterruptManagerHigh        intcode      000036
__end_of_OSCILLATOR_Initialize                 text11       00161C
__end_of_PIN_MANAGER_Initialize                text10       001548
__end_of_SYSTEM_Initialize                     text2        001604
__end_of__initialization                       cinit        001450
__end_of_display_date_time                     text1        001612
__end_of_gpio_pin_direction_intialize          text9        001118
__end_of_gpio_pin_intialize                    text7        00136C
__end_of_gpio_pin_write_logic                  text8        001228
__end_of_lcd_4bit_intialize                    text3        00130E
__end_of_lcd_4bit_send_command                 text4        0013C8
__end_of_lcd_4bit_send_enable_signal           text6        00159E
__end_of_lcd_send_4bits                        text5        001418
__end_of_main                                  text0        00149C
__initialization                               cinit        001418
__mediumconst                                  mediumconst  000000
__pbssBANK0                                    bssBANK0     000060
__pbssCOMRAM                                   bssCOMRAM    000025
__pcinit                                       cinit        001418
__pcstackCOMRAM                                cstackCOMRAM 000041
__pdataCOMRAM                                  dataCOMRAM   000001
__pidataCOMRAM                                 idataCOMRAM  00159E
__pintcode                                     intcode      000000
__pnvCOMRAM                                    nvCOMRAM     000055
__psmallconst                                  smallconst   001000
__ptext0                                       text0        00145A
__ptext1                                       text1        001604
__ptext10                                      text10       001514
__ptext11                                      text11       001612
__ptext12                                      text12       001644
__ptext13                                      text13       00149C
__ptext14                                      text14       00161C
__ptext15                                      text15       001626
__ptext16                                      text16       001630
__ptext17                                      text17       0015C2
__ptext18                                      text18       00163A
__ptext19                                      text19       0014DA
__ptext2                                       text2        0015E6
__ptext21                                      text21       001548
__ptext22                                      text22       00164A
__ptext3                                       text3        001228
__ptext4                                       text4        00136C
__ptext5                                       text5        0013C8
__ptext6                                       text6        001576
__ptext7                                       text7        00130E
__ptext8                                       text8        001118
__ptext9                                       text9        001006
__ramtop                                       ramtop       001000
__smallconst                                   smallconst   001000
_converted_GUR_Value                           bssCOMRAM    00002B
_converted_LDR_Value                           bssCOMRAM    00002D
_date_time_lcd                                 dataCOMRAM   00001F
_display_date_time                             text1        001604
_eusartRxLastError                             bssCOMRAM    000030
_gpio_pin_direction_intialize                  text9        001006
_gpio_pin_intialize                            text7        00130E
_gpio_pin_write_logic                          text8        001118
_lat_registers                                 dataCOMRAM   00000B
_lcd_4bit_intialize                            text3        001228
_lcd_4bit_send_command                         text4        00136C
_lcd_4bit_send_enable_signal                   text6        001576
_lcd_send_4bits                                text5        0013C8
_main                                          text0        00145A
_port_registers                                dataCOMRAM   000001
_ret                                           bssCOMRAM    00002F
_tris_registers                                dataCOMRAM   000015
btemp                                          temp         00005D
end_of_initialization                          cinit        001450
gpio_pin_direction_intialize@_pin_config       cstackCOMRAM 000043
gpio_pin_direction_intialize@ret               cstackCOMRAM 000049
gpio_pin_intialize@_pin_config                 cstackCOMRAM 00004B
gpio_pin_intialize@ret                         cstackCOMRAM 00004D
gpio_pin_write_logic@_pin_config               cstackCOMRAM 000043
gpio_pin_write_logic@logic                     cstackCOMRAM 000044
gpio_pin_write_logic@ret                       cstackCOMRAM 00004A
int$flags                                      temp         00005D
intlevel0                                      text         000000
intlevel1                                      text         000000
intlevel2                                      text         000000
intlevel3                                      text         000000
isa$std                                        (abs)        000001
isa$xinst                                      (abs)        000000
lcd_4bit_intialize@l_data_pins_counter         cstackCOMRAM 000054
lcd_4bit_intialize@lcd                         cstackCOMRAM 000051
lcd_4bit_intialize@ret                         cstackCOMRAM 000053
lcd_4bit_send_command@command                  cstackCOMRAM 00004F
lcd_4bit_send_command@lcd                      cstackCOMRAM 00004E
lcd_4bit_send_command@ret                      cstackCOMRAM 000050
lcd_4bit_send_enable_signal@lcd                cstackCOMRAM 00004B
lcd_4bit_send_enable_signal@ret                cstackCOMRAM 00004C
lcd_send_4bits@_data_command                   cstackCOMRAM 00004C
lcd_send_4bits@lcd                             cstackCOMRAM 00004B
lcd_send_4bits@ret                             cstackCOMRAM 00004D
stackhi                                        (abs)        000000
stacklo                                        (abs)        000000
start                                          init         000036
start_initialization                           cinit        001418
ttemp5                                         temp         00005E
ttemp6                                         temp         000061
ttemp7                                         temp         000065
wtemp8                                         temp         00005E
