Microchip MPLAB XC8 Compiler V2.46

Linker command line:

-W-3 \
  --edf=C:\Program Files\Microchip\xc8\v2.46\pic\dat\20240104201356_en.msgs \
  -cn -h+dist/default/production\smart_home_master.X.production.sym \
  --cmf=dist/default/production\smart_home_master.X.production.cmf -z \
  -Q18F46K20 -oC:\Users\adhfj\AppData\Local\Temp\xcAsdcg.\driver_tmp_3.o \
  --defsym=__MPLAB_BUILD=1 --fixupoverflow=error \
  -Mdist/default/production/smart_home_master.X.production.map \
  --md=C:\Users\adhfj\AppData\Local\Temp\xcAsdcg.\driver_tmp_0.dat -E1 \
  -ver=XC8 Compiler --acfsm=1493 -ACODE=00h-0FFFFh -ACONST=00h-0FFFFh \
  -ASMALLCONST=01000h-010FFhx240 -AMEDIUMCONST=01000h-0FFFFh \
  -ACOMRAM=01h-05Fh -AABS1=00h-0F5Fh -ABIGRAM=01h-0F5Fh \
  -ARAM=060h-0FFh,0100h-01FFhx14,0F00h-0F5Fh -ABANK0=060h-0FFh \
  -ABANK1=0100h-01FFh -ABANK2=0200h-02FFh -ABANK3=0300h-03FFh \
  -ABANK4=0400h-04FFh -ABANK5=0500h-05FFh -ABANK6=0600h-06FFh \
  -ABANK7=0700h-07FFh -ABANK8=0800h-08FFh -ABANK9=0900h-09FFh \
  -ABANK10=0A00h-0AFFh -ABANK11=0B00h-0BFFh -ABANK12=0C00h-0CFFh \
  -ABANK13=0D00h-0DFFh -ABANK14=0E00h-0EFFh -ABANK15=0F00h-0F5Fh \
  -ASFR=0F60h-0FFFh -ABIGSFR=0F60h-0FFFh -ACONFIG=0300000h-030000Dh \
  -AIDLOC=0200000h-0200007h -AEEDATA=0F00000h-0F003FFh -peeprom_data=EEDATA \
  -preset_vec=00h,intcode=8h,intcodelo,powerup,init -pramtop=01000h \
  -psmallconst=SMALLCONST -pmediumconst=MEDIUMCONST -pconst=CONST \
  -AFARRAM=00h-00h \
  -prdata=COMRAM,nvrram=COMRAM,nvbit=COMRAM,rbss=COMRAM,rbit=COMRAM \
  -pfarbss=FARRAM,fardata=FARRAM,nvFARRAM=FARRAM \
  -pintsave_regs=BIGRAM,bigbss=BIGRAM,bigdata=BIGRAM -pbss=RAM \
  -pidata=CODE,irdata=CODE,ibigdata=CODE,ifardata=CODE -prparam=COMRAM \
  C:\Users\adhfj\AppData\Local\Temp\xcAsdcg.\driver_tmp_9.o \
  dist/default/production\smart_home_master.X.production.o 

Object code version is 3.11

Machine type is 18F46K20



                Name                               Link     Load   Length Selector   Space Scale
C:\Users\adhfj\AppData\Local\Temp\xcAsdcg.\driver_tmp_9.o
                config                           300000   300000        E        0       4
                init                                 B6       B6        4        4       0
                reset_vec                             0        0        4        0       0
dist/default/production\smart_home_master.X.production.o
                intcode                               8        8       AE        4       0
                config                           300000   300000        E        0       4
                temp                                 50       50        1        1       1
                smallconst                         1000     1000       26      800       0
                text70                             1CA0     1CA0        4      D5B       0
                text69                             1C9C     1C9C        4      D5B       0
                text68                             1AFA     1AFA       22      D5B       0
                text67                             1688     1688       66      813       0
                text66                             1B64     1B64       18      D5B       0
                text65                             1A3C     1A3C       2C      813       0
                text64                             1A10     1A10       2C      813       0
                text63                             19E4     19E4       2C      813       0
                text62                             19B8     19B8       2C      813       0
                text61                             18DE     18DE       42      813       0
                text60                             1C98     1C98        4      D5B       0
                text59                             1C94     1C94        4      D5B       0
                text58                             1C90     1C90        4      D5B       0
                text57                             1C6A     1C6A        6      D5B       0
                text56                             1C8C     1C8C        4      D5B       0
                text55                             1C64     1C64        6      D5B       0
                text54                             1C56     1C56        8      D5B       0
                text53                             1B90     1B90       14      D5B       0
                text52                             1C88     1C88        4      D5B       0
                text51                             14D6     14D6       7A      813       0
                text50                             1C04     1C04        A      D5B       0
                text49                             1BA4     1BA4        E      D5B       0
                text48                             1BB2     1BB2        C      D5B       0
                text47                             1254     1254       BE      813       0
                text46                             1312     1312       A4      813       0
                text45                             1BFA     1BFA        A      D5B       0
                text44                             1C4E     1C4E        8      D5B       0
                text43                             1C46     1C46        8      D5B       0
                text42                             1C3E     1C3E        8      D5B       0
                text41                             1C36     1C36        8      D5B       0
                text40                             1C2E     1C2E        8      D5B       0
                text39                             1C26     1C26        8      D5B       0
                text38                             1C1E     1C1E        8      D5B       0
                text37                             1BF0     1BF0        A      D5B       0
                text36                             1752     1752       64      813       0
                text35                             1C84     1C84        4      D5B       0
                text34                             1622     1622       66      813       0
                text33                             1C5E     1C5E        6      D5B       0
                text31                             15BA     15BA       68      813       0
                text30                             1BE6     1BE6        A      D5B       0
                text29                             1BDC     1BDC        A      D5B       0
                text28                             1BD2     1BD2        A      D5B       0
                text27                             189A     189A       44      813       0
                text26                             1B7C     1B7C       14      D5B       0
                text25                             1C16     1C16        8      D5B       0
                text24                             1BC8     1BC8        A      D5B       0
                text23                             1920     1920       36      813       0
                text22                             1026     1026      118      813       0
                text21                             113E     113E      116      813       0
                text20                             16EE     16EE       64      813       0
                text19                             180A     180A       4C      813       0
                text18                             1A68     1A68       2A      813       0
                text17                             1C80     1C80        4      D5B       0
                text16                             1C7C     1C7C        4      D5B       0
                text15                             1C78     1C78        4      D5B       0
                text14                             198A     198A       2E      813       0
                text13                             1C74     1C74        4      D5B       0
                text12                             1856     1856       44      813       0
                text11                             1C0E     1C0E        8      D5B       0
                text10                             1C70     1C70        4      D5B       0
                text9                              1AD8     1AD8       22      D5B       0
                text8                              1BBE     1BBE        A      D5B       0
                text7                              13B6     13B6       A2      813       0
                text6                              1550     1550       6A      813       0
                text5                              1B4C     1B4C       18      D5B       0
                text4                              1AB6     1AB6       22      D5B       0
                text3                              1B34     1B34       18      D5B       0
                text2                              1458     1458       7E      813       0
                text1                              1B1C     1B1C       18      D5B       0
                text0                              1956     1956       34      813       0
                cstackCOMRAM                         30       30       1B        1       1
                cstackBANK0                          93       93        F       60       1
                dataBANK0                            60       60       23       60       1
                bssBANK0                             83       83       10       60       1
                dataCOMRAM                           4F       4F        1        1       1
                bssCOMRAM                             1        1       2F        1       1
                cinit                              17B6     17B6       54      813       0
                nvBANK0                              A2       A2        2       60       1
                nvCOMRAM                             4B       4B        4        1       1
                idataBANK0                         1A92     1A92       23      813       0
                idataCOMRAM                        1CA4     1CA4        1      D5B       0

TOTAL           Name                               Link     Load   Length     Space
        CLASS   CODE           
                intcode                               8        8       AE         0
                init                                 B6       B6        4         0
                reset_vec                             0        0        4         0
                text70                             1CA0     1CA0        4         0
                text69                             1C9C     1C9C        4         0
                text68                             1AFA     1AFA       22         0
                text67                             1688     1688       66         0
                text66                             1B64     1B64       18         0
                text65                             1A3C     1A3C       2C         0
                text64                             1A10     1A10       2C         0
                text63                             19E4     19E4       2C         0
                text62                             19B8     19B8       2C         0
                text61                             18DE     18DE       42         0
                text60                             1C98     1C98        4         0
                text59                             1C94     1C94        4         0
                text58                             1C90     1C90        4         0
                text57                             1C6A     1C6A        6         0
                text56                             1C8C     1C8C        4         0
                text55                             1C64     1C64        6         0
                text54                             1C56     1C56        8         0
                text53                             1B90     1B90       14         0
                text52                             1C88     1C88        4         0
                text51                             14D6     14D6       7A         0
                text50                             1C04     1C04        A         0
                text49                             1BA4     1BA4        E         0
                text48                             1BB2     1BB2        C         0
                text47                             1254     1254       BE         0
                text46                             1312     1312       A4         0
                text45                             1BFA     1BFA        A         0
                text44                             1C4E     1C4E        8         0
                text43                             1C46     1C46        8         0
                text42                             1C3E     1C3E        8         0
                text41                             1C36     1C36        8         0
                text40                             1C2E     1C2E        8         0
                text39                             1C26     1C26        8         0
                text38                             1C1E     1C1E        8         0
                text37                             1BF0     1BF0        A         0
                text36                             1752     1752       64         0
                text35                             1C84     1C84        4         0
                text34                             1622     1622       66         0
                text33                             1C5E     1C5E        6         0
                text31                             15BA     15BA       68         0
                text30                             1BE6     1BE6        A         0
                text29                             1BDC     1BDC        A         0
                text28                             1BD2     1BD2        A         0
                text27                             189A     189A       44         0
                text26                             1B7C     1B7C       14         0
                text25                             1C16     1C16        8         0
                text24                             1BC8     1BC8        A         0
                text23                             1920     1920       36         0
                text22                             1026     1026      118         0
                text21                             113E     113E      116         0
                text20                             16EE     16EE       64         0
                text19                             180A     180A       4C         0
                text18                             1A68     1A68       2A         0
                text17                             1C80     1C80        4         0
                text16                             1C7C     1C7C        4         0
                text15                             1C78     1C78        4         0
                text14                             198A     198A       2E         0
                text13                             1C74     1C74        4         0
                text12                             1856     1856       44         0
                text11                             1C0E     1C0E        8         0
                text10                             1C70     1C70        4         0
                text9                              1AD8     1AD8       22         0
                text8                              1BBE     1BBE        A         0
                text7                              13B6     13B6       A2         0
                text6                              1550     1550       6A         0
                text5                              1B4C     1B4C       18         0
                text4                              1AB6     1AB6       22         0
                text3                              1B34     1B34       18         0
                text2                              1458     1458       7E         0
                text1                              1B1C     1B1C       18         0
                text0                              1956     1956       34         0
                cinit                              17B6     17B6       54         0
                idataBANK0                         1A92     1A92       23         0
                idataCOMRAM                        1CA4     1CA4        1         0

        CLASS   CONST          

        CLASS   SMALLCONST     
                smallconst                         1000     1000       26         0

        CLASS   MEDIUMCONST    

        CLASS   COMRAM         
                temp                                 50       50        1         1
                cstackCOMRAM                         30       30       1B         1
                dataCOMRAM                           4F       4F        1         1
                bssCOMRAM                             1        1       2F         1
                nvCOMRAM                             4B       4B        4         1

        CLASS   ABS1           

        CLASS   BIGRAM         

        CLASS   RAM            

        CLASS   BANK0          
                cstackBANK0                          93       93        F         1
                dataBANK0                            60       60       23         1
                bssBANK0                             83       83       10         1
                nvBANK0                              A2       A2        2         1

        CLASS   BANK1          

        CLASS   BANK2          

        CLASS   BANK3          

        CLASS   BANK4          

        CLASS   BANK5          

        CLASS   BANK6          

        CLASS   BANK7          

        CLASS   BANK8          

        CLASS   BANK9          

        CLASS   BANK10         

        CLASS   BANK11         

        CLASS   BANK12         

        CLASS   BANK13         

        CLASS   BANK14         

        CLASS   BANK15         

        CLASS   SFR            

        CLASS   BIGSFR         

        CLASS   CONFIG         
                config                           300000   300000        E         4

        CLASS   IDLOC          

        CLASS   EEDATA         

        CLASS   FARRAM         

        CLASS   HEAP           

        CLASS   STACK          



SEGMENTS        Name                           Load    Length   Top    Selector   Space  Class

                reset_vec                      000000  000004  000004         0       0  CODE    
                bssCOMRAM                      000001  000050  000051         1       1  COMRAM  
                intcode                        000008  0000B2  0000BA         4       0  CODE    
                dataBANK0                      000060  000044  0000A4        60       1  BANK0   
                smallconst                     001000  000026  001026       800       0  SMALLCON
                text22                         001026  000A8F  001AB5       813       0  CODE    
                text4                          001AB6  0001EF  001CA5       D5B       0  CODE    


UNUSED ADDRESS RANGES

        Name                Unused          Largest block    Delta
        BANK0            0000A4-0000FF               5C
        BANK1            000100-0001FF              100
        BANK10           000A00-000AFF              100
        BANK11           000B00-000BFF              100
        BANK12           000C00-000CFF              100
        BANK13           000D00-000DFF              100
        BANK14           000E00-000EFF              100
        BANK15           000F00-000F5F               60
        BANK2            000200-0002FF              100
        BANK3            000300-0003FF              100
        BANK4            000400-0004FF              100
        BANK5            000500-0005FF              100
        BANK6            000600-0006FF              100
        BANK7            000700-0007FF              100
        BANK8            000800-0008FF              100
        BANK9            000900-0009FF              100
        BIGRAM           000051-00005F                F
                         0000A4-000F5F              EBC
        BIGSFR           000F60-000FFF               A0
        CODE             000004-000007                4
                         0000BA-000FFF              F46
                         001AB5-001AB5                1
                         001CA5-00FFFF             E35B
        COMRAM           000051-00005F                F
        CONST            000004-000007                4
                         0000BA-000FFF              F46
                         001AB5-001AB5                1
                         001CA5-00FFFF             E35B
        EEDATA           F00000-F003FF              400
        IDLOC            200000-200007                8
        MEDIUMCONST      001AB5-001AB5                1
                         001CA5-00FFFF             E35B
        RAM              0000A4-000F5F              100
        SFR              000F60-000FFF               A0
        SMALLCONST       001AB5-001AB5                1
                         001CA5-00FFFF              100

                                  Symbol Table

Air_System@temp_value                          cstackBANK0  000093
EUSART_SetErrorHandler@interruptHandler        cstackBANK0  000093
EUSART_SetFramingErrorHandler@interruptHandler cstackBANK0  000093
EUSART_SetOverrunErrorHandler@interruptHandler cstackBANK0  000093
I2C_CallbackReturnReset@funPtr                 cstackCOMRAM 000039
I2C_Close@returnValue                          cstackBANK0  000093
I2C_MasterOperation@read                       cstackBANK0  000093
I2C_MasterOperation@returnValue                cstackBANK0  000094
I2C_MasterSendTxData@data                      cstackCOMRAM 000030
I2C_Open@address                               cstackBANK0  000095
I2C_Open@returnValue                           cstackBANK0  000096
I2C_Read1ByteRegister@address                  cstackBANK0  00009D
I2C_Read1ByteRegister@reg                      cstackBANK0  00009C
I2C_Read1ByteRegister@returnValue              cstackBANK0  00009E
I2C_SetAddressNackCallback@cb                  cstackBANK0  000098
I2C_SetAddressNackCallback@ptr                 cstackBANK0  00009A
I2C_SetBuffer@buffer                           cstackBANK0  000093
I2C_SetBuffer@bufferSize                       cstackBANK0  000095
I2C_SetCallback@cb                             cstackBANK0  000093
I2C_SetCallback@idx                            cstackBANK0  000097
I2C_SetCallback@ptr                            cstackBANK0  000095
I2C_SetDataCompleteCallback@cb                 cstackBANK0  000098
I2C_SetDataCompleteCallback@ptr                cstackBANK0  00009A
I2C_SetInterruptHandler@InterruptHandler       cstackBANK0  000093
TempSensor_TC74_Read_Temp@TC74_Address         cstackBANK0  00009F
TempSensor_TC74_Read_Temp@TC74_TempValue       cstackBANK0  0000A0
_ANSEL                                         (abs)        000F7E
_ANSELH                                        (abs)        000F7F
_Air_System                                    text31       0015BA
_BAUDCON                                       (abs)        000FB8
_EEADR                                         (abs)        000FA9
_EEADRH                                        (abs)        000FAA
_EECON1bits                                    (abs)        000FA6
_EECON2                                        (abs)        000FA7
_EEDATA                                        (abs)        000FA8
_EUSART_DefaultErrorHandler                    (abs)        000000
_EUSART_DefaultFramingErrorHandler             (abs)        000000
_EUSART_DefaultOverrunErrorHandler             (abs)        000000
_EUSART_ErrorHandler                           nvBANK0      0000A2
_EUSART_FramingErrorHandler                    nvCOMRAM     00004D
_EUSART_Initialize                             text27       00189A
_EUSART_OverrunErrorHandler                    nvCOMRAM     00004B
_EUSART_SetErrorHandler                        text30       001BE6
_EUSART_SetFramingErrorHandler                 text29       001BDC
_EUSART_SetOverrunErrorHandler                 text28       001BD2
_I2C_CallbackReturnReset                       text59       001C94
_I2C_CallbackReturnStop                        text60       001C98
_I2C_Close                                     text14       00198A
_I2C_DO_ADDRESS_NACK                           text36       001752
_I2C_DO_IDLE                                   text50       001C04
_I2C_DO_RCEN                                   text45       001BFA
_I2C_DO_RESET                                  text37       001BF0
_I2C_DO_RX                                     text46       001312
_I2C_DO_RX_ACK                                 text40       001C2E
_I2C_DO_RX_NACK_RESTART                        text38       001C1E
_I2C_DO_RX_NACK_STOP                           text39       001C26
_I2C_DO_SEND_ADR_READ                          text49       001BA4
_I2C_DO_SEND_ADR_WRITE                         text48       001BB2
_I2C_DO_SEND_RESTART                           text42       001C3E
_I2C_DO_SEND_RESTART_READ                      text44       001C4E
_I2C_DO_SEND_RESTART_WRITE                     text43       001C46
_I2C_DO_SEND_STOP                              text41       001C36
_I2C_DO_TX                                     text47       001254
_I2C_DO_TX_EMPTY                               text51       0014D6
_I2C_Initialize                                text26       001B7C
_I2C_MasterClearIrq                            text17       001C80
_I2C_MasterClose                               text16       001C7C
_I2C_MasterDisableIrq                          text15       001C78
_I2C_MasterEnableIrq                           text10       001C70
_I2C_MasterEnableRestart                       text70       001CA0
_I2C_MasterFsm                                 text34       001622
_I2C_MasterGetRxData                           text56       001C8C
_I2C_MasterIsNack                              text53       001B90
_I2C_MasterIsr                                 text33       001C5E
_I2C_MasterOpen                                text9        001AD8
_I2C_MasterOperation                           text12       001856
_I2C_MasterSendAck                             text55       001C64
_I2C_MasterSendNack                            text57       001C6A
_I2C_MasterSendTxData                          text54       001C56
_I2C_MasterSetIrq                              text52       001C88
_I2C_MasterStart                               text13       001C74
_I2C_MasterStartRx                             text58       001C90
_I2C_MasterStop                                text69       001C9C
_I2C_MasterWrite                               text11       001C0E
_I2C_Open                                      text7        0013B6
_I2C_Read1ByteRegister                         text2        001458
_I2C_SetAddressNackCallback                    text5        001B4C
_I2C_SetBuffer                                 text4        001AB6
_I2C_SetCallback                               text6        001550
_I2C_SetDataCompleteCallback                   text3        001B34
_I2C_SetInterruptHandler                       text8        001BBE
_I2C_Status                                    bssCOMRAM    000001
_INTCON2bits                                   (abs)        000FF1
_INTCONbits                                    (abs)        000FF2
_INTERRUPT_Initialize                          text25       001C16
_INTERRUPT_InterruptManagerHigh                intcode      000008
_IPR1bits                                      (abs)        000F9F
_IPR2bits                                      (abs)        000FA2
_LATA                                          (abs)        000F89
_LATAbits                                      (abs)        000F89
_LATB                                          (abs)        000F8A
_LATC                                          (abs)        000F8B
_LATD                                          (abs)        000F8C
_LATE                                          (abs)        000F8D
_MSSP_InterruptHandler                         bssCOMRAM    00002B
_OSCCON                                        (abs)        000FD3
_OSCILLATOR_Initialize                         text24       001BC8
_OSCTUNE                                       (abs)        000F9B
_PIE1bits                                      (abs)        000F9D
_PIE2bits                                      (abs)        000FA0
_PIN_MANAGER_Initialize                        text23       001920
_PIR1bits                                      (abs)        000F9E
_PIR2bits                                      (abs)        000FA1
_PORTA                                         (abs)        000F80
_PORTB                                         (abs)        000F81
_PORTC                                         (abs)        000F82
_PORTD                                         (abs)        000F83
_PORTE                                         (abs)        000F84
_RCONbits                                      (abs)        000FD0
_RCREG                                         (abs)        000FAE
_RCSTA                                         (abs)        000FAB
_RCSTAbits                                     (abs)        000FAB
_RTC_Date_Pack                                 bssBANK0     000089
_SPBRG                                         (abs)        000FAF
_SPBRGH                                        (abs)        000FB0
_SSPADD                                        (abs)        000FC8
_SSPBUF                                        (abs)        000FC9
_SSPCON1                                       (abs)        000FC6
_SSPCON1bits                                   (abs)        000FC6
_SSPCON2                                       (abs)        000FC5
_SSPCON2bits                                   (abs)        000FC5
_SSPSTAT                                       (abs)        000FC7
_SSPSTATbits                                   (abs)        000FC7
_SYSTEM_Initialize                             text18       001A68
_TABLAT                                        (abs)        000FF5
_TBLPTRH                                       (abs)        000FF7
_TBLPTRL                                       (abs)        000FF6
_TBLPTRU                                       (abs)        000FF8
_TRISA                                         (abs)        000F92
_TRISB                                         (abs)        000F93
_TRISC                                         (abs)        000F94
_TRISD                                         (abs)        000F95
_TRISE                                         (abs)        000F96
_TXREG                                         (abs)        000FAD
_TXSTA                                         (abs)        000FAC
_TXSTAbits                                     (abs)        000FAC
_TempSensor_TC74_Read_Temp                     text1        001B1C
_WPUB                                          (abs)        000F7C
__HRAM                                         (abs)        000000
__H__absolute__                                __absolute__ 000000
__Habs1                                        abs1         000000
__Hbank0                                       bank0        000000
__Hbank1                                       bank1        000000
__Hbank10                                      bank10       000000
__Hbank11                                      bank11       000000
__Hbank12                                      bank12       000000
__Hbank13                                      bank13       000000
__Hbank14                                      bank14       000000
__Hbank15                                      bank15       000000
__Hbank2                                       bank2        000000
__Hbank3                                       bank3        000000
__Hbank4                                       bank4        000000
__Hbank5                                       bank5        000000
__Hbank6                                       bank6        000000
__Hbank7                                       bank7        000000
__Hbank8                                       bank8        000000
__Hbank9                                       bank9        000000
__Hbigbss                                      bigbss       000000
__Hbigdata                                     bigdata      000000
__Hbigram                                      bigram       000000
__Hbigsfr                                      bigsfr       000000
__Hbss                                         bss          000000
__HbssBANK0                                    bssBANK0     000000
__HbssCOMRAM                                   bssCOMRAM    000000
__Hcinit                                       cinit        000000
__Hclrtext                                     clrtext      000000
__Hcomram                                      comram       000000
__Hconfig                                      config       30000E
__Hconst                                       const        000000
__HcstackBANK0                                 cstackBANK0  000000
__HcstackCOMRAM                                cstackCOMRAM 000000
__Hdata                                        data         000000
__HdataBANK0                                   dataBANK0    000000
__HdataCOMRAM                                  dataCOMRAM   000000
__Heeprom_data                                 eeprom_data  000000
__Hfarbss                                      farbss       000000
__Hfardata                                     fardata      000000
__Hheap                                        heap         000000
__Hibigdata                                    ibigdata     000000
__Hidata                                       idata        000000
__HidataBANK0                                  idataBANK0   000000
__HidataCOMRAM                                 idataCOMRAM  000000
__Hidloc                                       idloc        000000
__Hifardata                                    ifardata     000000
__Hinit                                        init         0000BA
__Hintcode                                     intcode      0000B6
__Hintcode_body                                intcode_body 000000
__Hintcodelo                                   intcodelo    0000B6
__Hintentry                                    intentry     000000
__Hintret                                      intret       000000
__Hintsave_regs                                intsave_regs 000000
__Hirdata                                      irdata       000000
__Hmediumconst                                 mediumconst  000000
__HnvBANK0                                     nvBANK0      000000
__HnvCOMRAM                                    nvCOMRAM     000000
__HnvFARRAM                                    nvFARRAM     000000
__Hnvbit                                       nvbit        000000
__Hnvrram                                      nvrram       000000
__Hparam                                       rparam       000000
__Hpowerup                                     powerup      0000B6
__Hram                                         ram          000000
__Hramtop                                      ramtop       001000
__Hrbit                                        rbit         000000
__Hrbss                                        rbss         000000
__Hrdata                                       rdata        000000
__Hreset_vec                                   reset_vec    000004
__Hrparam                                      rparam       000000
__Hsfr                                         sfr          000000
__Hsivt_hi                                     sivt_hi      000000
__Hsivt_lo                                     sivt_lo      000000
__Hsmallconst                                  smallconst   001026
__Hspace_0                                     (abs)        001CA5
__Hspace_1                                     (abs)        0000A4
__Hspace_2                                     (abs)        000000
__Hspace_4                                     (abs)        60000E
__Hstack                                       stack        000000
__Hstruct                                      struct       000000
__Htemp                                        temp         000051
__Htext                                        text         000000
__Htext0                                       text0        000000
__Htext1                                       text1        000000
__Htext10                                      text10       000000
__Htext11                                      text11       000000
__Htext12                                      text12       000000
__Htext13                                      text13       000000
__Htext14                                      text14       000000
__Htext15                                      text15       000000
__Htext16                                      text16       000000
__Htext17                                      text17       000000
__Htext18                                      text18       000000
__Htext19                                      text19       000000
__Htext2                                       text2        000000
__Htext20                                      text20       000000
__Htext21                                      text21       000000
__Htext22                                      text22       000000
__Htext23                                      text23       000000
__Htext24                                      text24       000000
__Htext25                                      text25       000000
__Htext26                                      text26       000000
__Htext27                                      text27       000000
__Htext28                                      text28       000000
__Htext29                                      text29       000000
__Htext3                                       text3        000000
__Htext30                                      text30       000000
__Htext31                                      text31       000000
__Htext33                                      text33       000000
__Htext34                                      text34       000000
__Htext35                                      text35       000000
__Htext36                                      text36       000000
__Htext37                                      text37       000000
__Htext38                                      text38       000000
__Htext39                                      text39       000000
__Htext4                                       text4        000000
__Htext40                                      text40       000000
__Htext41                                      text41       000000
__Htext42                                      text42       000000
__Htext43                                      text43       000000
__Htext44                                      text44       000000
__Htext45                                      text45       000000
__Htext46                                      text46       000000
__Htext47                                      text47       000000
__Htext48                                      text48       000000
__Htext49                                      text49       000000
__Htext5                                       text5        000000
__Htext50                                      text50       000000
__Htext51                                      text51       000000
__Htext52                                      text52       000000
__Htext53                                      text53       000000
__Htext54                                      text54       000000
__Htext55                                      text55       000000
__Htext56                                      text56       000000
__Htext57                                      text57       000000
__Htext58                                      text58       000000
__Htext59                                      text59       000000
__Htext6                                       text6        000000
__Htext60                                      text60       000000
__Htext61                                      text61       000000
__Htext62                                      text62       000000
__Htext63                                      text63       000000
__Htext64                                      text64       000000
__Htext65                                      text65       000000
__Htext66                                      text66       000000
__Htext67                                      text67       000000
__Htext68                                      text68       000000
__Htext69                                      text69       000000
__Htext7                                       text7        000000
__Htext70                                      text70       000000
__Htext8                                       text8        000000
__Htext9                                       text9        000000
__LRAM                                         (abs)        000001
__L__absolute__                                __absolute__ 000000
__Labs1                                        abs1         000000
__Lbank0                                       bank0        000000
__Lbank1                                       bank1        000000
__Lbank10                                      bank10       000000
__Lbank11                                      bank11       000000
__Lbank12                                      bank12       000000
__Lbank13                                      bank13       000000
__Lbank14                                      bank14       000000
__Lbank15                                      bank15       000000
__Lbank2                                       bank2        000000
__Lbank3                                       bank3        000000
__Lbank4                                       bank4        000000
__Lbank5                                       bank5        000000
__Lbank6                                       bank6        000000
__Lbank7                                       bank7        000000
__Lbank8                                       bank8        000000
__Lbank9                                       bank9        000000
__Lbigbss                                      bigbss       000000
__Lbigdata                                     bigdata      000000
__Lbigram                                      bigram       000000
__Lbigsfr                                      bigsfr       000000
__Lbss                                         bss          000000
__LbssBANK0                                    bssBANK0     000000
__LbssCOMRAM                                   bssCOMRAM    000000
__Lcinit                                       cinit        000000
__Lclrtext                                     clrtext      000000
__Lcomram                                      comram       000000
__Lconfig                                      config       000000
__Lconst                                       const        000000
__LcstackBANK0                                 cstackBANK0  000000
__LcstackCOMRAM                                cstackCOMRAM 000000
__Ldata                                        data         000000
__LdataBANK0                                   dataBANK0    000000
__LdataCOMRAM                                  dataCOMRAM   000000
__Leeprom_data                                 eeprom_data  000000
__Lfarbss                                      farbss       000000
__Lfardata                                     fardata      000000
__Lheap                                        heap         000000
__Libigdata                                    ibigdata     000000
__Lidata                                       idata        000000
__LidataBANK0                                  idataBANK0   000000
__LidataCOMRAM                                 idataCOMRAM  000000
__Lidloc                                       idloc        000000
__Lifardata                                    ifardata     000000
__Linit                                        init         0000B6
__Lintcode                                     intcode      000008
__Lintcode_body                                intcode_body 000000
__Lintcodelo                                   intcodelo    0000B6
__Lintentry                                    intentry     000000
__Lintret                                      intret       000000
__Lintsave_regs                                intsave_regs 000000
__Lirdata                                      irdata       000000
__Lmediumconst                                 mediumconst  000000
__LnvBANK0                                     nvBANK0      000000
__LnvCOMRAM                                    nvCOMRAM     000000
__LnvFARRAM                                    nvFARRAM     000000
__Lnvbit                                       nvbit        000000
__Lnvrram                                      nvrram       000000
__Lparam                                       rparam       000000
__Lpowerup                                     powerup      0000B6
__Lram                                         ram          000000
__Lramtop                                      ramtop       001000
__Lrbit                                        rbit         000000
__Lrbss                                        rbss         000000
__Lrdata                                       rdata        000000
__Lreset_vec                                   reset_vec    000000
__Lrparam                                      rparam       000000
__Lsfr                                         sfr          000000
__Lsivt_hi                                     sivt_hi      000000
__Lsivt_lo                                     sivt_lo      000000
__Lsmallconst                                  smallconst   001000
__Lspace_0                                     (abs)        000000
__Lspace_1                                     (abs)        000000
__Lspace_2                                     (abs)        000000
__Lspace_4                                     (abs)        000000
__Lstack                                       stack        000000
__Lstruct                                      struct       000000
__Ltemp                                        temp         000050
__Ltext                                        text         000000
__Ltext0                                       text0        000000
__Ltext1                                       text1        000000
__Ltext10                                      text10       000000
__Ltext11                                      text11       000000
__Ltext12                                      text12       000000
__Ltext13                                      text13       000000
__Ltext14                                      text14       000000
__Ltext15                                      text15       000000
__Ltext16                                      text16       000000
__Ltext17                                      text17       000000
__Ltext18                                      text18       000000
__Ltext19                                      text19       000000
__Ltext2                                       text2        000000
__Ltext20                                      text20       000000
__Ltext21                                      text21       000000
__Ltext22                                      text22       000000
__Ltext23                                      text23       000000
__Ltext24                                      text24       000000
__Ltext25                                      text25       000000
__Ltext26                                      text26       000000
__Ltext27                                      text27       000000
__Ltext28                                      text28       000000
__Ltext29                                      text29       000000
__Ltext3                                       text3        000000
__Ltext30                                      text30       000000
__Ltext31                                      text31       000000
__Ltext33                                      text33       000000
__Ltext34                                      text34       000000
__Ltext35                                      text35       000000
__Ltext36                                      text36       000000
__Ltext37                                      text37       000000
__Ltext38                                      text38       000000
__Ltext39                                      text39       000000
__Ltext4                                       text4        000000
__Ltext40                                      text40       000000
__Ltext41                                      text41       000000
__Ltext42                                      text42       000000
__Ltext43                                      text43       000000
__Ltext44                                      text44       000000
__Ltext45                                      text45       000000
__Ltext46                                      text46       000000
__Ltext47                                      text47       000000
__Ltext48                                      text48       000000
__Ltext49                                      text49       000000
__Ltext5                                       text5        000000
__Ltext50                                      text50       000000
__Ltext51                                      text51       000000
__Ltext52                                      text52       000000
__Ltext53                                      text53       000000
__Ltext54                                      text54       000000
__Ltext55                                      text55       000000
__Ltext56                                      text56       000000
__Ltext57                                      text57       000000
__Ltext58                                      text58       000000
__Ltext59                                      text59       000000
__Ltext6                                       text6        000000
__Ltext60                                      text60       000000
__Ltext61                                      text61       000000
__Ltext62                                      text62       000000
__Ltext63                                      text63       000000
__Ltext64                                      text64       000000
__Ltext65                                      text65       000000
__Ltext66                                      text66       000000
__Ltext67                                      text67       000000
__Ltext68                                      text68       000000
__Ltext69                                      text69       000000
__Ltext7                                       text7        000000
__Ltext70                                      text70       000000
__Ltext8                                       text8        000000
__Ltext9                                       text9        000000
__S0                                           (abs)        001CA5
__S1                                           (abs)        0000A4
__S4                                           (abs)        000000
__S5                                           (abs)        000000
___heap_hi                                     (abs)        000000
___heap_lo                                     (abs)        000000
___inthi_sp                                    stack        000000
___inthi_stack_hi                              stack        000000
___inthi_stack_lo                              stack        000000
___intlo_sp                                    stack        000000
___intlo_stack_hi                              stack        000000
___intlo_stack_lo                              stack        000000
___param_bank                                  (abs)        000000
___rparam_used                                 (abs)        000001
___sp                                          stack        000000
___stack_hi                                    stack        000000
___stack_lo                                    stack        000000
__accesstop                                    (abs)        000060
__activetblptr                                 (abs)        000003
__end_of_Air_System                            text31       001622
__end_of_EUSART_Initialize                     text27       0018DE
__end_of_EUSART_SetErrorHandler                text30       001BF0
__end_of_EUSART_SetFramingErrorHandler         text29       001BE6
__end_of_EUSART_SetOverrunErrorHandler         text28       001BDC
__end_of_I2C_CallbackReturnReset               text59       001C98
__end_of_I2C_CallbackReturnStop                text60       001C9C
__end_of_I2C_Close                             text14       0019B8
__end_of_I2C_DO_ADDRESS_NACK                   text36       0017B6
__end_of_I2C_DO_IDLE                           text50       001C0E
__end_of_I2C_DO_RCEN                           text45       001C04
__end_of_I2C_DO_RESET                          text37       001BFA
__end_of_I2C_DO_RX                             text46       0013B6
__end_of_I2C_DO_RX_ACK                         text40       001C36
__end_of_I2C_DO_RX_NACK_RESTART                text38       001C26
__end_of_I2C_DO_RX_NACK_STOP                   text39       001C2E
__end_of_I2C_DO_SEND_ADR_READ                  text49       001BB2
__end_of_I2C_DO_SEND_ADR_WRITE                 text48       001BBE
__end_of_I2C_DO_SEND_RESTART                   text42       001C46
__end_of_I2C_DO_SEND_RESTART_READ              text44       001C56
__end_of_I2C_DO_SEND_RESTART_WRITE             text43       001C4E
__end_of_I2C_DO_SEND_STOP                      text41       001C3E
__end_of_I2C_DO_TX                             text47       001312
__end_of_I2C_DO_TX_EMPTY                       text51       001550
__end_of_I2C_Initialize                        text26       001B90
__end_of_I2C_MasterClearIrq                    text17       001C84
__end_of_I2C_MasterClose                       text16       001C80
__end_of_I2C_MasterDisableIrq                  text15       001C7C
__end_of_I2C_MasterEnableIrq                   text10       001C74
__end_of_I2C_MasterEnableRestart               text70       001CA4
__end_of_I2C_MasterFsm                         text34       001688
__end_of_I2C_MasterGetRxData                   text56       001C90
__end_of_I2C_MasterIsNack                      text53       001BA4
__end_of_I2C_MasterIsr                         text33       001C64
__end_of_I2C_MasterOpen                        text9        001AFA
__end_of_I2C_MasterOperation                   text12       00189A
__end_of_I2C_MasterSendAck                     text55       001C6A
__end_of_I2C_MasterSendNack                    text57       001C70
__end_of_I2C_MasterSendTxData                  text54       001C5E
__end_of_I2C_MasterSetIrq                      text52       001C8C
__end_of_I2C_MasterStart                       text13       001C78
__end_of_I2C_MasterStartRx                     text58       001C94
__end_of_I2C_MasterStop                        text69       001CA0
__end_of_I2C_MasterWrite                       text11       001C16
__end_of_I2C_Open                              text7        001458
__end_of_I2C_Read1ByteRegister                 text2        0014D6
__end_of_I2C_SetAddressNackCallback            text5        001B64
__end_of_I2C_SetBuffer                         text4        001AD8
__end_of_I2C_SetCallback                       text6        0015BA
__end_of_I2C_SetDataCompleteCallback           text3        001B4C
__end_of_I2C_SetInterruptHandler               text8        001BC8
__end_of_INTERRUPT_Initialize                  text25       001C1E
__end_of_INTERRUPT_InterruptManagerHigh        intcode      0000B6
__end_of_OSCILLATOR_Initialize                 text24       001BD2
__end_of_PIN_MANAGER_Initialize                text23       001956
__end_of_SYSTEM_Initialize                     text18       001A92
__end_of_TempSensor_TC74_Read_Temp             text1        001B34
__end_of__initialization                       cinit        001800
__end_of_gpio_pin_direction_intialize          text22       00113E
__end_of_gpio_pin_intialize                    text20       001752
__end_of_gpio_pin_write_logic                  text21       001254
__end_of_i2c_fsmStateTable                     smallconst   001021
__end_of_main                                  text0        00198A
__end_of_rd1RegCompleteHandler                 text64       001A3C
__end_of_rd2RegCompleteHandler                 text63       001A10
__end_of_rdBlkRegCompleteHandler               text61       001920
__end_of_seven_segement_intialize              text19       001856
__end_of_wr1RegCompleteHandler                 text62       0019E4
__end_of_wr2RegCompleteHandler                 text65       001A68
__end_ofi2_I2C_MasterClearIrq                  text35       001C88
__end_ofi2_I2C_SetBuffer                       text68       001B1C
__end_ofi2_I2C_SetCallback                     text67       0016EE
__end_ofi2_I2C_SetDataCompleteCallback         text66       001B7C
__initialization                               cinit        0017B6
__mediumconst                                  mediumconst  000000
__pbssBANK0                                    bssBANK0     000083
__pbssCOMRAM                                   bssCOMRAM    000001
__pcinit                                       cinit        0017B6
__pcstackBANK0                                 cstackBANK0  000093
__pcstackCOMRAM                                cstackCOMRAM 000030
__pdataBANK0                                   dataBANK0    000060
__pdataCOMRAM                                  dataCOMRAM   00004F
__pidataBANK0                                  idataBANK0   001A92
__pidataCOMRAM                                 idataCOMRAM  001CA4
__pintcode                                     intcode      000008
__pnvBANK0                                     nvBANK0      0000A2
__pnvCOMRAM                                    nvCOMRAM     00004B
__psmallconst                                  smallconst   001000
__ptext0                                       text0        001956
__ptext1                                       text1        001B1C
__ptext10                                      text10       001C70
__ptext11                                      text11       001C0E
__ptext12                                      text12       001856
__ptext13                                      text13       001C74
__ptext14                                      text14       00198A
__ptext15                                      text15       001C78
__ptext16                                      text16       001C7C
__ptext17                                      text17       001C80
__ptext18                                      text18       001A68
__ptext19                                      text19       00180A
__ptext2                                       text2        001458
__ptext20                                      text20       0016EE
__ptext21                                      text21       00113E
__ptext22                                      text22       001026
__ptext23                                      text23       001920
__ptext24                                      text24       001BC8
__ptext25                                      text25       001C16
__ptext26                                      text26       001B7C
__ptext27                                      text27       00189A
__ptext28                                      text28       001BD2
__ptext29                                      text29       001BDC
__ptext3                                       text3        001B34
__ptext30                                      text30       001BE6
__ptext31                                      text31       0015BA
__ptext33                                      text33       001C5E
__ptext34                                      text34       001622
__ptext35                                      text35       001C84
__ptext36                                      text36       001752
__ptext37                                      text37       001BF0
__ptext38                                      text38       001C1E
__ptext39                                      text39       001C26
__ptext4                                       text4        001AB6
__ptext40                                      text40       001C2E
__ptext41                                      text41       001C36
__ptext42                                      text42       001C3E
__ptext43                                      text43       001C46
__ptext44                                      text44       001C4E
__ptext45                                      text45       001BFA
__ptext46                                      text46       001312
__ptext47                                      text47       001254
__ptext48                                      text48       001BB2
__ptext49                                      text49       001BA4
__ptext5                                       text5        001B4C
__ptext50                                      text50       001C04
__ptext51                                      text51       0014D6
__ptext52                                      text52       001C88
__ptext53                                      text53       001B90
__ptext54                                      text54       001C56
__ptext55                                      text55       001C64
__ptext56                                      text56       001C8C
__ptext57                                      text57       001C6A
__ptext58                                      text58       001C90
__ptext59                                      text59       001C94
__ptext6                                       text6        001550
__ptext60                                      text60       001C98
__ptext61                                      text61       0018DE
__ptext62                                      text62       0019B8
__ptext63                                      text63       0019E4
__ptext64                                      text64       001A10
__ptext65                                      text65       001A3C
__ptext66                                      text66       001B64
__ptext67                                      text67       001688
__ptext68                                      text68       001AFA
__ptext69                                      text69       001C9C
__ptext7                                       text7        0013B6
__ptext70                                      text70       001CA0
__ptext8                                       text8        001BBE
__ptext9                                       text9        001AD8
__ramtop                                       ramtop       001000
__smallconst                                   smallconst   001000
_clock_segment                                 dataBANK0    00007E
_eusartRxLastError                             bssCOMRAM    00002E
_gpio_pin_direction_intialize                  text22       001026
_gpio_pin_intialize                            text20       0016EE
_gpio_pin_write_logic                          text21       00113E
_i2c_fsmStateTable                             smallconst   001001
_lat_registers                                 dataBANK0    00006A
_main                                          text0        001956
_port_registers                                dataBANK0    000060
_rd1RegCompleteHandler                         text64       001A10
_rd2RegCompleteHandler                         text63       0019E4
_rdBlkRegCompleteHandler                       text61       0018DE
_ret                                           bssCOMRAM    00002F
_seven_segement_intialize                      text19       00180A
_temp_value                                    bssCOMRAM    00002D
_test                                          dataCOMRAM   00004F
_time_date_data                                bssCOMRAM    000025
_tris_registers                                dataBANK0    000074
_wr1RegCompleteHandler                         text62       0019B8
_wr2RegCompleteHandler                         text65       001A3C
btemp                                          temp         000050
end_of_initialization                          cinit        001800
gpio_pin_direction_intialize@_pin_config       cstackBANK0  000093
gpio_pin_direction_intialize@ret               cstackBANK0  000099
gpio_pin_intialize@_pin_config                 cstackBANK0  00009B
gpio_pin_intialize@ret                         cstackBANK0  00009D
gpio_pin_write_logic@_pin_config               cstackBANK0  000093
gpio_pin_write_logic@logic                     cstackBANK0  000094
gpio_pin_write_logic@ret                       cstackBANK0  00009A
i2I2C_SetBuffer@buffer                         cstackCOMRAM 000030
i2I2C_SetBuffer@bufferSize                     cstackCOMRAM 000032
i2I2C_SetCallback@cb                           cstackCOMRAM 000030
i2I2C_SetCallback@idx                          cstackCOMRAM 000034
i2I2C_SetCallback@ptr                          cstackCOMRAM 000032
i2I2C_SetDataCompleteCallback@cb               cstackCOMRAM 000035
i2I2C_SetDataCompleteCallback@ptr              cstackCOMRAM 000037
i2_I2C_MasterClearIrq                          text35       001C84
i2_I2C_SetBuffer                               text68       001AFA
i2_I2C_SetCallback                             text67       001688
i2_I2C_SetDataCompleteCallback                 text66       001B64
int$flags                                      temp         000050
intlevel0                                      text         000000
intlevel1                                      text         000000
intlevel2                                      text         000000
intlevel3                                      text         000000
isa$std                                        (abs)        000001
isa$xinst                                      (abs)        000000
rd1RegCompleteHandler@ptr                      cstackCOMRAM 000039
rd2RegCompleteHandler@ptr                      cstackCOMRAM 000039
rdBlkRegCompleteHandler@ptr                    cstackCOMRAM 000039
seven_segement_intialize@ret                   cstackBANK0  00009F
seven_segement_intialize@seg                   cstackBANK0  00009E
stackhi                                        (abs)        000000
stacklo                                        (abs)        000000
start                                          init         0000B6
start_initialization                           cinit        0017B6
ttemp5                                         temp         000051
ttemp6                                         temp         000054
ttemp7                                         temp         000058
wr1RegCompleteHandler@ptr                      cstackCOMRAM 000039
wr2RegCompleteHandler@ptr                      cstackCOMRAM 000039
wtemp8                                         temp         000051


MODULE INFORMATION

Module		Function		Class		Link	Load	Size
ECU_Layer/7_SEGMENT/7_seg.c
		_seven_segement_intialize		CODE           	180A	0000	76

ECU_Layer/7_SEGMENT/7_seg.c estimated size: 76

mcc_generated_files/interrupt_manager.c
		_INTERRUPT_Initialize		CODE           	1C16	0000	8
		_INTERRUPT_InterruptManagerHigh		CODE           	0008	0000	174

mcc_generated_files/interrupt_manager.c estimated size: 182

mcc_generated_files/examples/i2c_master_example.c
		_wr1RegCompleteHandler		CODE           	19B8	0000	44
		_wr2RegCompleteHandler		CODE           	1A3C	0000	44
		_I2C_Read1ByteRegister		CODE           	1458	0000	126
		_rdBlkRegCompleteHandler		CODE           	18DE	0000	66
		_rd1RegCompleteHandler		CODE           	1A10	0000	44
		_rd2RegCompleteHandler		CODE           	19E4	0000	44

mcc_generated_files/examples/i2c_master_example.c estimated size: 368

mcc_generated_files/pin_manager.c
		_PIN_MANAGER_Initialize		CODE           	1920	0000	54

mcc_generated_files/pin_manager.c estimated size: 54

MCAL_Layer/GPIO/gpio.c
		_gpio_pin_write_logic		CODE           	113E	0000	278
		_gpio_pin_intialize		CODE           	16EE	0000	100
		_gpio_pin_direction_intialize		CODE           	1026	0000	280

MCAL_Layer/GPIO/gpio.c estimated size: 658

shared
		i2_I2C_SetBuffer		CODE           	1AFA	0000	34
		__initialization		CODE           	17B6	0000	74
		i2_I2C_SetCallback		CODE           	1688	0000	102
		i2_I2C_SetDataCompleteCallback		CODE           	1B64	0000	24
		i2_I2C_MasterClearIrq		CODE           	1C84	0000	4
		_i2c_fsmStateTable		SMALLCONST     	1001	0000	32

shared estimated size: 270

mcc_generated_files/mcc.c
		_OSCILLATOR_Initialize		CODE           	1BC8	0000	10
		_SYSTEM_Initialize		CODE           	1A68	0000	42

mcc_generated_files/mcc.c estimated size: 52

ECU_Layer/Temp_Sensor_TC74/Temp_sensor_TC74.c
		_TempSensor_TC74_Read_Temp		CODE           	1B1C	0000	24

ECU_Layer/Temp_Sensor_TC74/Temp_sensor_TC74.c estimated size: 24

mcc_generated_files/i2c_master.c
		_I2C_Close     		CODE           	198A	0000	46
		_I2C_MasterStartRx		CODE           	1C90	0000	4
		_I2C_DO_SEND_ADR_WRITE		CODE           	1BB2	0000	12
		_I2C_DO_SEND_STOP		CODE           	1C36	0000	8
		_I2C_MasterSendNack		CODE           	1C6A	0000	6
		_I2C_MasterDisableIrq		CODE           	1C78	0000	4
		_I2C_CallbackReturnStop		CODE           	1C98	0000	4
		_I2C_MasterOperation		CODE           	1856	0000	68
		_I2C_DO_SEND_ADR_READ		CODE           	1BA4	0000	14
		_I2C_DO_RX_NACK_STOP		CODE           	1C26	0000	8
		_I2C_DO_SEND_RESTART		CODE           	1C3E	0000	8
		_I2C_DO_RX     		CODE           	1312	0000	164
		_I2C_DO_TX     		CODE           	1254	0000	190
		_I2C_DO_IDLE   		CODE           	1C04	0000	10
		_I2C_DO_RCEN   		CODE           	1BFA	0000	10
		_I2C_DO_RESET  		CODE           	1BF0	0000	10
		_I2C_MasterClose		CODE           	1C7C	0000	4
		_I2C_MasterWrite		CODE           	1C0E	0000	8
		_I2C_DO_RX_ACK 		CODE           	1C2E	0000	8
		_I2C_MasterStart		CODE           	1C74	0000	4
		_I2C_MasterClearIrq		CODE           	1C80	0000	4
		_I2C_MasterGetRxData		CODE           	1C8C	0000	4
		_I2C_SetCallback		CODE           	1550	0000	106
		_I2C_DO_ADDRESS_NACK		CODE           	1752	0000	100
		_I2C_MasterEnableRestart		CODE           	1CA0	0000	4
		_I2C_CallbackReturnReset		CODE           	1C94	0000	4
		_I2C_Open      		CODE           	13B6	0000	162
		_I2C_SetAddressNackCallback		CODE           	1B4C	0000	24
		_I2C_DO_TX_EMPTY		CODE           	14D6	0000	122
		_I2C_DO_SEND_RESTART_WRITE		CODE           	1C46	0000	8
		_I2C_MasterIsNack		CODE           	1B90	0000	20
		_I2C_SetDataCompleteCallback		CODE           	1B34	0000	24
		_I2C_DO_RX_NACK_RESTART		CODE           	1C1E	0000	8
		_I2C_MasterSendAck		CODE           	1C64	0000	6
		_I2C_MasterFsm 		CODE           	1622	0000	102
		_I2C_MasterIsr 		CODE           	1C5E	0000	6
		_I2C_MasterSetIrq		CODE           	1C88	0000	4
		_I2C_DO_SEND_RESTART_READ		CODE           	1C4E	0000	8
		_I2C_MasterEnableIrq		CODE           	1C70	0000	4
		_I2C_Initialize		CODE           	1B7C	0000	20
		_I2C_SetBuffer 		CODE           	1AB6	0000	34
		_I2C_SetInterruptHandler		CODE           	1BBE	0000	10
		_I2C_MasterOpen		CODE           	1AD8	0000	34
		_I2C_MasterSendTxData		CODE           	1C56	0000	8
		_I2C_MasterStop		CODE           	1C9C	0000	4

mcc_generated_files/i2c_master.c estimated size: 1420

mcc_generated_files/eusart.c
		_EUSART_Initialize		CODE           	189A	0000	68
		_EUSART_SetFramingErrorHandler		CODE           	1BDC	0000	10
		_EUSART_SetErrorHandler		CODE           	1BE6	0000	10
		_EUSART_SetOverrunErrorHandler		CODE           	1BD2	0000	10

mcc_generated_files/eusart.c estimated size: 98

main.c
		_Air_System    		CODE           	15BA	0000	104
		_main          		CODE           	1956	0000	52

main.c estimated size: 156

