Microchip MPLAB XC8 Compiler V2.46

Linker command line:

-W-3 \
  --edf=C:\Program Files\Microchip\xc8\v2.46\pic\dat\20240104201356_en.msgs \
  -cn -h+dist/default/debug\smart_home_master.X.debug.sym \
  --cmf=dist/default/debug\smart_home_master.X.debug.cmf -z -w9 \
  --disl=596:off -Q18F46K20 \
  -oC:\Users\adhfj\AppData\Local\Temp\xcAseko.\driver_tmp_3.o \
  --defsym=__MPLAB_BUILD=1 \
  -Mdist/default/debug/smart_home_master.X.debug.map \
  --md=C:\Users\adhfj\AppData\Local\Temp\xcAseko.\driver_tmp_0.dat -E1 \
  -ver=XC8 Compiler --acfsm=1493 -ACODE=00h-0FFFFh -ACONST=00h-0FFFFh \
  -ASMALLCONST=01000h-010FFhx240 -AMEDIUMCONST=01000h-0FFFFh \
  -ACOMRAM=01h-05Fh -AABS1=00h-0F5Fh -ABIGRAM=01h-0F5Fh \
  -ARAM=060h-0FFh,0100h-01FFhx14,0F00h-0F5Fh -ABANK0=060h-0FFh \
  -ABANK1=0100h-01FFh -ABANK2=0200h-02FFh -ABANK3=0300h-03FFh \
  -ABANK4=0400h-04FFh -ABANK5=0500h-05FFh -ABANK6=0600h-06FFh \
  -ABANK7=0700h-07FFh -ABANK8=0800h-08FFh -ABANK9=0900h-09FFh \
  -ABANK10=0A00h-0AFFh -ABANK11=0B00h-0BFFh -ABANK12=0C00h-0CFFh \
  -ABANK13=0D00h-0DFFh -ABANK14=0E00h-0EFFh -ABANK15=0F00h-0F5Fh \
  -ASFR=0F60h-0FFFh -ABIGSFR=0F60h-0FFFh -ACONFIG=0300000h-030000Dh \
  -AIDLOC=0200000h-0200007h -AEEDATA=0F00000h-0F003FFh -peeprom_data=EEDATA \
  -preset_vec=00h,intcode,sivt_hi,intcodelo,sivt_lo,powerup,init \
  -pramtop=01000h -psmallconst=SMALLCONST -pmediumconst=MEDIUMCONST \
  -pconst=CONST -AFARRAM=00h-00h \
  -prdata=COMRAM,nvrram=COMRAM,nvbit=COMRAM,rbss=COMRAM,rbit=COMRAM \
  -pfarbss=FARRAM,fardata=FARRAM,nvFARRAM=FARRAM \
  -pintsave_regs=BIGRAM,bigbss=BIGRAM,bigdata=BIGRAM -pbss=RAM \
  -pidata=CODE,irdata=CODE,ibigdata=CODE,ifardata=CODE \
  C:\Users\adhfj\AppData\Local\Temp\xcAseko.\driver_tmp_9.o \
  dist/default/debug\smart_home_master.X.debug.o 

Object code version is 3.11

Machine type is 18F46K20



                Name                               Link     Load   Length Selector   Space Scale
C:\Users\adhfj\AppData\Local\Temp\xcAseko.\driver_tmp_9.o
                config                           300000   300000        E        0       4
                init                                 AE       AE        4        0       0
dist/default/debug\smart_home_master.X.debug.o
                intcode                               0        0       AE        0       0
                config                           300000   300000        E        0       4
                temp                                 4B       4B        1        1       1
                smallconst                         1000     1000       26      800       0
                text68                             1C2E     1C2E        4      813       0
                text67                             1C2A     1C2A        4      813       0
                text66                             1A62     1A62       22      813       0
                text65                             168C     168C       66      813       0
                text64                             1AF2     1AF2       18      813       0
                text63                             19F2     19F2       2C      813       0
                text62                             19C6     19C6       2C      813       0
                text61                             199A     199A       2C      813       0
                text60                             196E     196E       2C      813       0
                text59                             1896     1896       42      813       0
                text58                             1C26     1C26        4      813       0
                text57                             1C22     1C22        4      813       0
                text56                             1C1E     1C1E        4      813       0
                text55                             1BF8     1BF8        6      813       0
                text54                             1C1A     1C1A        4      813       0
                text53                             1BF2     1BF2        6      813       0
                text52                             1BE4     1BE4        8      813       0
                text51                             1B1E     1B1E       14      813       0
                text50                             1C16     1C16        4      813       0
                text49                             14D6     14D6       7A      813       0
                text48                             1B92     1B92        A      813       0
                text47                             1B32     1B32        E      813       0
                text46                             1B40     1B40        C      813       0
                text45                             1254     1254       BE      813       0
                text44                             1312     1312       A4      813       0
                text43                             1B88     1B88        A      813       0
                text42                             1BDC     1BDC        8      813       0
                text41                             1BD4     1BD4        8      813       0
                text40                             1BCC     1BCC        8      813       0
                text39                             1BC4     1BC4        8      813       0
                text38                             1BBC     1BBC        8      813       0
                text37                             1BB4     1BB4        8      813       0
                text36                             1BAC     1BAC        8      813       0
                text35                             1B7E     1B7E        A      813       0
                text34                             1756     1756       64      813       0
                text33                             1C12     1C12        4      813       0
                text32                             1626     1626       66      813       0
                text31                             1BEC     1BEC        6      813       0
                text29                             1C0E     1C0E        4      813       0
                text28                             1C0A     1C0A        4      813       0
                text27                             1C06     1C06        4      813       0
                text26                             1940     1940       2E      813       0
                text25                             1C02     1C02        4      813       0
                text24                             1852     1852       44      813       0
                text23                             1BA4     1BA4        8      813       0
                text22                             1BFE     1BFE        4      813       0
                text21                             1A40     1A40       22      813       0
                text20                             1B74     1B74        A      813       0
                text19                             13B6     13B6       A2      813       0
                text18                             15BC     15BC       6A      813       0
                text17                             1ADA     1ADA       18      813       0
                text16                             1A1E     1A1E       22      813       0
                text15                             1AC2     1AC2       18      813       0
                text14                             1458     1458       7E      813       0
                text13                             1550     1550       6C      813       0
                text12                             1B6A     1B6A        A      813       0
                text11                             1B60     1B60        A      813       0
                text10                             1B56     1B56        A      813       0
                text9                              180E     180E       44      813       0
                text8                              1B0A     1B0A       14      813       0
                text7                              1B9C     1B9C        8      813       0
                text6                              1B4C     1B4C        A      813       0
                text5                              1910     1910       30      813       0
                text4                              1026     1026      118      813       0
                text3                              113E     113E      116      813       0
                text2                              16F2     16F2       64      813       0
                text1                              1A84     1A84       20      813       0
                text0                              18D8     18D8       38      813       0
                cstackCOMRAM                         2F       2F       1B        1       1
                cstackBANK0                          9E       9E       13       60       1
                dataBANK0                            80       80       1E       60       1
                bssBANK0                             60       60       20       60       1
                dataCOMRAM                           4A       4A        1        1       1
                bssCOMRAM                             1        1       2E        1       1
                cinit                              17BA     17BA       54      813       0
                nvBANK0                              B1       B1        6       60       1
                idataBANK0                         1AA4     1AA4       1E      813       0
                idataCOMRAM                        1C32     1C32        1      813       0

TOTAL           Name                               Link     Load   Length     Space
        CLASS   CODE           
                intcode                               0        0       AE         0
                init                                 AE       AE        4         0
                text68                             1C2E     1C2E        4         0
                text67                             1C2A     1C2A        4         0
                text66                             1A62     1A62       22         0
                text65                             168C     168C       66         0
                text64                             1AF2     1AF2       18         0
                text63                             19F2     19F2       2C         0
                text62                             19C6     19C6       2C         0
                text61                             199A     199A       2C         0
                text60                             196E     196E       2C         0
                text59                             1896     1896       42         0
                text58                             1C26     1C26        4         0
                text57                             1C22     1C22        4         0
                text56                             1C1E     1C1E        4         0
                text55                             1BF8     1BF8        6         0
                text54                             1C1A     1C1A        4         0
                text53                             1BF2     1BF2        6         0
                text52                             1BE4     1BE4        8         0
                text51                             1B1E     1B1E       14         0
                text50                             1C16     1C16        4         0
                text49                             14D6     14D6       7A         0
                text48                             1B92     1B92        A         0
                text47                             1B32     1B32        E         0
                text46                             1B40     1B40        C         0
                text45                             1254     1254       BE         0
                text44                             1312     1312       A4         0
                text43                             1B88     1B88        A         0
                text42                             1BDC     1BDC        8         0
                text41                             1BD4     1BD4        8         0
                text40                             1BCC     1BCC        8         0
                text39                             1BC4     1BC4        8         0
                text38                             1BBC     1BBC        8         0
                text37                             1BB4     1BB4        8         0
                text36                             1BAC     1BAC        8         0
                text35                             1B7E     1B7E        A         0
                text34                             1756     1756       64         0
                text33                             1C12     1C12        4         0
                text32                             1626     1626       66         0
                text31                             1BEC     1BEC        6         0
                text29                             1C0E     1C0E        4         0
                text28                             1C0A     1C0A        4         0
                text27                             1C06     1C06        4         0
                text26                             1940     1940       2E         0
                text25                             1C02     1C02        4         0
                text24                             1852     1852       44         0
                text23                             1BA4     1BA4        8         0
                text22                             1BFE     1BFE        4         0
                text21                             1A40     1A40       22         0
                text20                             1B74     1B74        A         0
                text19                             13B6     13B6       A2         0
                text18                             15BC     15BC       6A         0
                text17                             1ADA     1ADA       18         0
                text16                             1A1E     1A1E       22         0
                text15                             1AC2     1AC2       18         0
                text14                             1458     1458       7E         0
                text13                             1550     1550       6C         0
                text12                             1B6A     1B6A        A         0
                text11                             1B60     1B60        A         0
                text10                             1B56     1B56        A         0
                text9                              180E     180E       44         0
                text8                              1B0A     1B0A       14         0
                text7                              1B9C     1B9C        8         0
                text6                              1B4C     1B4C        A         0
                text5                              1910     1910       30         0
                text4                              1026     1026      118         0
                text3                              113E     113E      116         0
                text2                              16F2     16F2       64         0
                text1                              1A84     1A84       20         0
                text0                              18D8     18D8       38         0
                cinit                              17BA     17BA       54         0
                idataBANK0                         1AA4     1AA4       1E         0
                idataCOMRAM                        1C32     1C32        1         0

        CLASS   CONST          

        CLASS   SMALLCONST     
                smallconst                         1000     1000       26         0

        CLASS   MEDIUMCONST    

        CLASS   COMRAM         
                temp                                 4B       4B        1         1
                cstackCOMRAM                         2F       2F       1B         1
                dataCOMRAM                           4A       4A        1         1
                bssCOMRAM                             1        1       2E         1

        CLASS   ABS1           

        CLASS   BIGRAM         

        CLASS   RAM            

        CLASS   BANK0          
                cstackBANK0                          9E       9E       13         1
                dataBANK0                            80       80       1E         1
                bssBANK0                             60       60       20         1
                nvBANK0                              B1       B1        6         1

        CLASS   BANK1          

        CLASS   BANK2          

        CLASS   BANK3          

        CLASS   BANK4          

        CLASS   BANK5          

        CLASS   BANK6          

        CLASS   BANK7          

        CLASS   BANK8          

        CLASS   BANK9          

        CLASS   BANK10         

        CLASS   BANK11         

        CLASS   BANK12         

        CLASS   BANK13         

        CLASS   BANK14         

        CLASS   BANK15         

        CLASS   SFR            

        CLASS   BIGSFR         

        CLASS   CONFIG         
                config                           300000   300000        E         4

        CLASS   IDLOC          

        CLASS   EEDATA         

        CLASS   FARRAM         

        CLASS   HEAP           

        CLASS   STACK          



SEGMENTS        Name                           Load    Length   Top    Selector   Space  Class

                reset_vec                      000000  0000B2  0000B2         0       0  CODE    
                bssCOMRAM                      000001  00004B  00004C         1       1  COMRAM  
                bssBANK0                       000060  000057  0000B7        60       1  BANK0   
                smallconst                     001000  000026  001026       800       0  SMALLCON
                text4                          001026  000C0D  001C33       813       0  CODE    


UNUSED ADDRESS RANGES

        Name                Unused          Largest block    Delta
        BANK0            0000B7-0000FF               49
        BANK1            000100-0001FF              100
        BANK10           000A00-000AFF              100
        BANK11           000B00-000BFF              100
        BANK12           000C00-000CFF              100
        BANK13           000D00-000DFF              100
        BANK14           000E00-000EFF              100
        BANK15           000F00-000F5F               60
        BANK2            000200-0002FF              100
        BANK3            000300-0003FF              100
        BANK4            000400-0004FF              100
        BANK5            000500-0005FF              100
        BANK6            000600-0006FF              100
        BANK7            000700-0007FF              100
        BANK8            000800-0008FF              100
        BANK9            000900-0009FF              100
        BIGRAM           00004C-00005F               14
                         0000B7-000F5F              EA9
        BIGSFR           000F60-000FFF               A0
        CODE             0000B2-000FFF              F4E
                         001C33-00FFFF             E3CD
        COMRAM           00004C-00005F               14
        CONST            0000B2-000FFF              F4E
                         001C33-00FFFF             E3CD
        EEDATA           F00000-F003FF              400
        IDLOC            200000-200007                8
        MEDIUMCONST      001C33-00FFFF             E3CD
        RAM              0000B7-000F5F              100
        SFR              000F60-000FFF               A0
        SMALLCONST       001C33-00FFFF              100

                                  Symbol Table

?_RTC_DS1307_get_data                          cstackBANK0  0000AA
EUSART_SetErrorHandler@interruptHandler        cstackBANK0  00009E
EUSART_SetFramingErrorHandler@interruptHandler cstackBANK0  00009E
EUSART_SetOverrunErrorHandler@interruptHandler cstackBANK0  00009E
I2C_CallbackReturnReset@funPtr                 cstackCOMRAM 000038
I2C_Close@returnValue                          cstackBANK0  00009E
I2C_MasterOperation@read                       cstackBANK0  00009E
I2C_MasterOperation@returnValue                cstackBANK0  00009F
I2C_MasterSendTxData@data                      cstackCOMRAM 00002F
I2C_Open@address                               cstackBANK0  0000A0
I2C_Open@returnValue                           cstackBANK0  0000A1
I2C_Read1ByteRegister@address                  cstackBANK0  0000A8
I2C_Read1ByteRegister@reg                      cstackBANK0  0000A7
I2C_Read1ByteRegister@returnValue              cstackBANK0  0000A9
I2C_SetAddressNackCallback@cb                  cstackBANK0  0000A3
I2C_SetAddressNackCallback@ptr                 cstackBANK0  0000A5
I2C_SetBuffer@buffer                           cstackBANK0  00009E
I2C_SetBuffer@bufferSize                       cstackBANK0  0000A0
I2C_SetCallback@cb                             cstackBANK0  00009E
I2C_SetCallback@idx                            cstackBANK0  0000A2
I2C_SetCallback@ptr                            cstackBANK0  0000A0
I2C_SetDataCompleteCallback@cb                 cstackBANK0  0000A3
I2C_SetDataCompleteCallback@ptr                cstackBANK0  0000A5
I2C_SetInterruptHandler@InterruptHandler       cstackBANK0  00009E
_ANSEL                                         (abs)        000F7E
_ANSELH                                        (abs)        000F7F
_BAUDCON                                       (abs)        000FB8
_EEADR                                         (abs)        000FA9
_EEADRH                                        (abs)        000FAA
_EECON1bits                                    (abs)        000FA6
_EECON2                                        (abs)        000FA7
_EEDATA                                        (abs)        000FA8
_EUSART_DefaultErrorHandler                    (abs)        000000
_EUSART_DefaultFramingErrorHandler             (abs)        000000
_EUSART_DefaultOverrunErrorHandler             (abs)        000000
_EUSART_ErrorHandler                           nvBANK0      0000B1
_EUSART_FramingErrorHandler                    nvBANK0      0000B5
_EUSART_Initialize                             text9        00180E
_EUSART_OverrunErrorHandler                    nvBANK0      0000B3
_EUSART_SetErrorHandler                        text12       001B6A
_EUSART_SetFramingErrorHandler                 text11       001B60
_EUSART_SetOverrunErrorHandler                 text10       001B56
_I2C_CallbackReturnReset                       text57       001C22
_I2C_CallbackReturnStop                        text58       001C26
_I2C_Close                                     text26       001940
_I2C_DO_ADDRESS_NACK                           text34       001756
_I2C_DO_IDLE                                   text48       001B92
_I2C_DO_RCEN                                   text43       001B88
_I2C_DO_RESET                                  text35       001B7E
_I2C_DO_RX                                     text44       001312
_I2C_DO_RX_ACK                                 text38       001BBC
_I2C_DO_RX_NACK_RESTART                        text36       001BAC
_I2C_DO_RX_NACK_STOP                           text37       001BB4
_I2C_DO_SEND_ADR_READ                          text47       001B32
_I2C_DO_SEND_ADR_WRITE                         text46       001B40
_I2C_DO_SEND_RESTART                           text40       001BCC
_I2C_DO_SEND_RESTART_READ                      text42       001BDC
_I2C_DO_SEND_RESTART_WRITE                     text41       001BD4
_I2C_DO_SEND_STOP                              text39       001BC4
_I2C_DO_TX                                     text45       001254
_I2C_DO_TX_EMPTY                               text49       0014D6
_I2C_Initialize                                text8        001B0A
_I2C_MasterClearIrq                            text29       001C0E
_I2C_MasterClose                               text28       001C0A
_I2C_MasterDisableIrq                          text27       001C06
_I2C_MasterEnableIrq                           text22       001BFE
_I2C_MasterEnableRestart                       text68       001C2E
_I2C_MasterFsm                                 text32       001626
_I2C_MasterGetRxData                           text54       001C1A
_I2C_MasterIsNack                              text51       001B1E
_I2C_MasterIsr                                 text31       001BEC
_I2C_MasterOpen                                text21       001A40
_I2C_MasterOperation                           text24       001852
_I2C_MasterSendAck                             text53       001BF2
_I2C_MasterSendNack                            text55       001BF8
_I2C_MasterSendTxData                          text52       001BE4
_I2C_MasterSetIrq                              text50       001C16
_I2C_MasterStart                               text25       001C02
_I2C_MasterStartRx                             text56       001C1E
_I2C_MasterStop                                text67       001C2A
_I2C_MasterWrite                               text23       001BA4
_I2C_Open                                      text19       0013B6
_I2C_Read1ByteRegister                         text14       001458
_I2C_SetAddressNackCallback                    text17       001ADA
_I2C_SetBuffer                                 text16       001A1E
_I2C_SetCallback                               text18       0015BC
_I2C_SetDataCompleteCallback                   text15       001AC2
_I2C_SetInterruptHandler                       text20       001B74
_I2C_Status                                    bssCOMRAM    000001
_INTCON2bits                                   (abs)        000FF1
_INTCONbits                                    (abs)        000FF2
_INTERRUPT_Initialize                          text7        001B9C
_INTERRUPT_InterruptManagerHigh                intcode      000000
_IPR1bits                                      (abs)        000F9F
_IPR2bits                                      (abs)        000FA2
_LATA                                          (abs)        000F89
_LATB                                          (abs)        000F8A
_LATC                                          (abs)        000F8B
_LATD                                          (abs)        000F8C
_LATE                                          (abs)        000F8D
_MSSP_InterruptHandler                         bssCOMRAM    00002B
_OSCCON                                        (abs)        000FD3
_OSCILLATOR_Initialize                         text6        001B4C
_OSCTUNE                                       (abs)        000F9B
_PIE1bits                                      (abs)        000F9D
_PIE2bits                                      (abs)        000FA0
_PIN_MANAGER_Initialize                        text5        001910
_PIR1bits                                      (abs)        000F9E
_PIR2bits                                      (abs)        000FA1
_PORTA                                         (abs)        000F80
_PORTB                                         (abs)        000F81
_PORTC                                         (abs)        000F82
_PORTD                                         (abs)        000F83
_PORTE                                         (abs)        000F84
_Print_RTC_DS1307                                                 
_RCONbits                                      (abs)        000FD0
_RCREG                                         (abs)        000FAE
_RCSTA                                         (abs)        000FAB
_RCSTAbits                                     (abs)        000FAB
_RTC_DS1307_get_data                           text13       001550
_RTC_Date_Pack                                 bssBANK0     00006C
_RTC_Time_Pack                                 bssBANK0     000076
_SPBRG                                         (abs)        000FAF
_SPBRGH                                        (abs)        000FB0
_SSPADD                                        (abs)        000FC8
_SSPBUF                                        (abs)        000FC9
_SSPCON1                                       (abs)        000FC6
_SSPCON1bits                                   (abs)        000FC6
_SSPCON2                                       (abs)        000FC5
_SSPCON2bits                                   (abs)        000FC5
_SSPSTAT                                       (abs)        000FC7
_SSPSTATbits                                   (abs)        000FC7
_SYSTEM_Initialize                             text1        001A84
_TABLAT                                        (abs)        000FF5
_TBLPTRH                                       (abs)        000FF7
_TBLPTRL                                       (abs)        000FF6
_TBLPTRU                                       (abs)        000FF8
_TRISA                                         (abs)        000F92
_TRISB                                         (abs)        000F93
_TRISC                                         (abs)        000F94
_TRISD                                         (abs)        000F95
_TRISE                                         (abs)        000F96
_TXREG                                         (abs)        000FAD
_TXSTA                                         (abs)        000FAC
_TXSTAbits                                     (abs)        000FAC
_WPUB                                          (abs)        000F7C
__HRAM                                         (abs)        000000
__H__absolute__                                __absolute__ 000000
__Habs1                                        abs1         000000
__Hbank0                                       bank0        000000
__Hbank1                                       bank1        000000
__Hbank10                                      bank10       000000
__Hbank11                                      bank11       000000
__Hbank12                                      bank12       000000
__Hbank13                                      bank13       000000
__Hbank14                                      bank14       000000
__Hbank15                                      bank15       000000
__Hbank2                                       bank2        000000
__Hbank3                                       bank3        000000
__Hbank4                                       bank4        000000
__Hbank5                                       bank5        000000
__Hbank6                                       bank6        000000
__Hbank7                                       bank7        000000
__Hbank8                                       bank8        000000
__Hbank9                                       bank9        000000
__Hbigbss                                      bigbss       000000
__Hbigdata                                     bigdata      000000
__Hbigram                                      bigram       000000
__Hbigsfr                                      bigsfr       000000
__Hbss                                         bss          000000
__HbssBANK0                                    bssBANK0     000000
__HbssCOMRAM                                   bssCOMRAM    000000
__Hcinit                                       cinit        000000
__Hclrtext                                     clrtext      000000
__Hcomram                                      comram       000000
__Hconfig                                      config       30000E
__Hconst                                       const        000000
__HcstackBANK0                                 cstackBANK0  000000
__HcstackCOMRAM                                cstackCOMRAM 000000
__Hdata                                        data         000000
__HdataBANK0                                   dataBANK0    000000
__HdataCOMRAM                                  dataCOMRAM   000000
__Heeprom_data                                 eeprom_data  000000
__Hfarbss                                      farbss       000000
__Hfardata                                     fardata      000000
__Hheap                                        heap         000000
__Hibigdata                                    ibigdata     000000
__Hidata                                       idata        000000
__HidataBANK0                                  idataBANK0   000000
__HidataCOMRAM                                 idataCOMRAM  000000
__Hidloc                                       idloc        000000
__Hifardata                                    ifardata     000000
__Hinit                                        init         0000B2
__Hintcode                                     intcode      0000AE
__Hintcode_body                                intcode_body 000000
__Hintcodelo                                   intcodelo    0000AE
__Hintentry                                    intentry     000000
__Hintret                                      intret       000000
__Hintsave_regs                                intsave_regs 000000
__Hirdata                                      irdata       000000
__Hmediumconst                                 mediumconst  000000
__HnvBANK0                                     nvBANK0      000000
__HnvFARRAM                                    nvFARRAM     000000
__Hnvbit                                       nvbit        000000
__Hnvrram                                      nvrram       000000
__Hparam                                       rparam       000000
__Hpowerup                                     powerup      0000AE
__Hram                                         ram          000000
__Hramtop                                      ramtop       001000
__Hrbit                                        rbit         000000
__Hrbss                                        rbss         000000
__Hrdata                                       rdata        000000
__Hreset_vec                                   reset_vec    000000
__Hrparam                                      rparam       000000
__Hsfr                                         sfr          000000
__Hsivt_hi                                     sivt_hi      0000AE
__Hsivt_lo                                     sivt_lo      0000AE
__Hsmallconst                                  smallconst   001026
__Hspace_0                                     (abs)        001C33
__Hspace_1                                     (abs)        0000B7
__Hspace_2                                     (abs)        000000
__Hspace_4                                     (abs)        60000E
__Hstack                                       stack        000000
__Hstruct                                      struct       000000
__Htemp                                        temp         00004C
__Htext                                        text         000000
__Htext0                                       text0        000000
__Htext1                                       text1        000000
__Htext10                                      text10       000000
__Htext11                                      text11       000000
__Htext12                                      text12       000000
__Htext13                                      text13       000000
__Htext14                                      text14       000000
__Htext15                                      text15       000000
__Htext16                                      text16       000000
__Htext17                                      text17       000000
__Htext18                                      text18       000000
__Htext19                                      text19       000000
__Htext2                                       text2        000000
__Htext20                                      text20       000000
__Htext21                                      text21       000000
__Htext22                                      text22       000000
__Htext23                                      text23       000000
__Htext24                                      text24       000000
__Htext25                                      text25       000000
__Htext26                                      text26       000000
__Htext27                                      text27       000000
__Htext28                                      text28       000000
__Htext29                                      text29       000000
__Htext3                                       text3        000000
__Htext31                                      text31       000000
__Htext32                                      text32       000000
__Htext33                                      text33       000000
__Htext34                                      text34       000000
__Htext35                                      text35       000000
__Htext36                                      text36       000000
__Htext37                                      text37       000000
__Htext38                                      text38       000000
__Htext39                                      text39       000000
__Htext4                                       text4        000000
__Htext40                                      text40       000000
__Htext41                                      text41       000000
__Htext42                                      text42       000000
__Htext43                                      text43       000000
__Htext44                                      text44       000000
__Htext45                                      text45       000000
__Htext46                                      text46       000000
__Htext47                                      text47       000000
__Htext48                                      text48       000000
__Htext49                                      text49       000000
__Htext5                                       text5        000000
__Htext50                                      text50       000000
__Htext51                                      text51       000000
__Htext52                                      text52       000000
__Htext53                                      text53       000000
__Htext54                                      text54       000000
__Htext55                                      text55       000000
__Htext56                                      text56       000000
__Htext57                                      text57       000000
__Htext58                                      text58       000000
__Htext59                                      text59       000000
__Htext6                                       text6        000000
__Htext60                                      text60       000000
__Htext61                                      text61       000000
__Htext62                                      text62       000000
__Htext63                                      text63       000000
__Htext64                                      text64       000000
__Htext65                                      text65       000000
__Htext66                                      text66       000000
__Htext67                                      text67       000000
__Htext68                                      text68       000000
__Htext7                                       text7        000000
__Htext8                                       text8        000000
__Htext9                                       text9        000000
__LRAM                                         (abs)        000001
__L__absolute__                                __absolute__ 000000
__Labs1                                        abs1         000000
__Lbank0                                       bank0        000000
__Lbank1                                       bank1        000000
__Lbank10                                      bank10       000000
__Lbank11                                      bank11       000000
__Lbank12                                      bank12       000000
__Lbank13                                      bank13       000000
__Lbank14                                      bank14       000000
__Lbank15                                      bank15       000000
__Lbank2                                       bank2        000000
__Lbank3                                       bank3        000000
__Lbank4                                       bank4        000000
__Lbank5                                       bank5        000000
__Lbank6                                       bank6        000000
__Lbank7                                       bank7        000000
__Lbank8                                       bank8        000000
__Lbank9                                       bank9        000000
__Lbigbss                                      bigbss       000000
__Lbigdata                                     bigdata      000000
__Lbigram                                      bigram       000000
__Lbigsfr                                      bigsfr       000000
__Lbss                                         bss          000000
__LbssBANK0                                    bssBANK0     000000
__LbssCOMRAM                                   bssCOMRAM    000000
__Lcinit                                       cinit        000000
__Lclrtext                                     clrtext      000000
__Lcomram                                      comram       000000
__Lconfig                                      config       000000
__Lconst                                       const        000000
__LcstackBANK0                                 cstackBANK0  000000
__LcstackCOMRAM                                cstackCOMRAM 000000
__Ldata                                        data         000000
__LdataBANK0                                   dataBANK0    000000
__LdataCOMRAM                                  dataCOMRAM   000000
__Leeprom_data                                 eeprom_data  000000
__Lfarbss                                      farbss       000000
__Lfardata                                     fardata      000000
__Lheap                                        heap         000000
__Libigdata                                    ibigdata     000000
__Lidata                                       idata        000000
__LidataBANK0                                  idataBANK0   000000
__LidataCOMRAM                                 idataCOMRAM  000000
__Lidloc                                       idloc        000000
__Lifardata                                    ifardata     000000
__Linit                                        init         0000AE
__Lintcode                                     intcode      000000
__Lintcode_body                                intcode_body 000000
__Lintcodelo                                   intcodelo    0000AE
__Lintentry                                    intentry     000000
__Lintret                                      intret       000000
__Lintsave_regs                                intsave_regs 000000
__Lirdata                                      irdata       000000
__Lmediumconst                                 mediumconst  000000
__LnvBANK0                                     nvBANK0      000000
__LnvFARRAM                                    nvFARRAM     000000
__Lnvbit                                       nvbit        000000
__Lnvrram                                      nvrram       000000
__Lparam                                       rparam       000000
__Lpowerup                                     powerup      0000AE
__Lram                                         ram          000000
__Lramtop                                      ramtop       001000
__Lrbit                                        rbit         000000
__Lrbss                                        rbss         000000
__Lrdata                                       rdata        000000
__Lreset_vec                                   reset_vec    000000
__Lrparam                                      rparam       000000
__Lsfr                                         sfr          000000
__Lsivt_hi                                     sivt_hi      0000AE
__Lsivt_lo                                     sivt_lo      0000AE
__Lsmallconst                                  smallconst   001000
__Lspace_0                                     (abs)        000000
__Lspace_1                                     (abs)        000000
__Lspace_2                                     (abs)        000000
__Lspace_4                                     (abs)        000000
__Lstack                                       stack        000000
__Lstruct                                      struct       000000
__Ltemp                                        temp         00004B
__Ltext                                        text         000000
__Ltext0                                       text0        000000
__Ltext1                                       text1        000000
__Ltext10                                      text10       000000
__Ltext11                                      text11       000000
__Ltext12                                      text12       000000
__Ltext13                                      text13       000000
__Ltext14                                      text14       000000
__Ltext15                                      text15       000000
__Ltext16                                      text16       000000
__Ltext17                                      text17       000000
__Ltext18                                      text18       000000
__Ltext19                                      text19       000000
__Ltext2                                       text2        000000
__Ltext20                                      text20       000000
__Ltext21                                      text21       000000
__Ltext22                                      text22       000000
__Ltext23                                      text23       000000
__Ltext24                                      text24       000000
__Ltext25                                      text25       000000
__Ltext26                                      text26       000000
__Ltext27                                      text27       000000
__Ltext28                                      text28       000000
__Ltext29                                      text29       000000
__Ltext3                                       text3        000000
__Ltext31                                      text31       000000
__Ltext32                                      text32       000000
__Ltext33                                      text33       000000
__Ltext34                                      text34       000000
__Ltext35                                      text35       000000
__Ltext36                                      text36       000000
__Ltext37                                      text37       000000
__Ltext38                                      text38       000000
__Ltext39                                      text39       000000
__Ltext4                                       text4        000000
__Ltext40                                      text40       000000
__Ltext41                                      text41       000000
__Ltext42                                      text42       000000
__Ltext43                                      text43       000000
__Ltext44                                      text44       000000
__Ltext45                                      text45       000000
__Ltext46                                      text46       000000
__Ltext47                                      text47       000000
__Ltext48                                      text48       000000
__Ltext49                                      text49       000000
__Ltext5                                       text5        000000
__Ltext50                                      text50       000000
__Ltext51                                      text51       000000
__Ltext52                                      text52       000000
__Ltext53                                      text53       000000
__Ltext54                                      text54       000000
__Ltext55                                      text55       000000
__Ltext56                                      text56       000000
__Ltext57                                      text57       000000
__Ltext58                                      text58       000000
__Ltext59                                      text59       000000
__Ltext6                                       text6        000000
__Ltext60                                      text60       000000
__Ltext61                                      text61       000000
__Ltext62                                      text62       000000
__Ltext63                                      text63       000000
__Ltext64                                      text64       000000
__Ltext65                                      text65       000000
__Ltext66                                      text66       000000
__Ltext67                                      text67       000000
__Ltext68                                      text68       000000
__Ltext7                                       text7        000000
__Ltext8                                       text8        000000
__Ltext9                                       text9        000000
__S0                                           (abs)        001C33
__S1                                           (abs)        0000B7
__S4                                           (abs)        000000
__S5                                           (abs)        000000
___heap_hi                                     (abs)        000000
___heap_lo                                     (abs)        000000
___inthi_sp                                    stack        000000
___inthi_stack_hi                              stack        000000
___inthi_stack_lo                              stack        000000
___intlo_sp                                    stack        000000
___intlo_stack_hi                              stack        000000
___intlo_stack_lo                              stack        000000
___param_bank                                  (abs)        000000
___rparam_used                                 (abs)        000001
___sp                                          stack        000000
___stack_hi                                    stack        000000
___stack_lo                                    stack        000000
__accesstop                                    (abs)        000060
__activetblptr                                 (abs)        000003
__end_of_EUSART_Initialize                     text9        001852
__end_of_EUSART_SetErrorHandler                text12       001B74
__end_of_EUSART_SetFramingErrorHandler         text11       001B6A
__end_of_EUSART_SetOverrunErrorHandler         text10       001B60
__end_of_I2C_CallbackReturnReset               text57       001C26
__end_of_I2C_CallbackReturnStop                text58       001C2A
__end_of_I2C_Close                             text26       00196E
__end_of_I2C_DO_ADDRESS_NACK                   text34       0017BA
__end_of_I2C_DO_IDLE                           text48       001B9C
__end_of_I2C_DO_RCEN                           text43       001B92
__end_of_I2C_DO_RESET                          text35       001B88
__end_of_I2C_DO_RX                             text44       0013B6
__end_of_I2C_DO_RX_ACK                         text38       001BC4
__end_of_I2C_DO_RX_NACK_RESTART                text36       001BB4
__end_of_I2C_DO_RX_NACK_STOP                   text37       001BBC
__end_of_I2C_DO_SEND_ADR_READ                  text47       001B40
__end_of_I2C_DO_SEND_ADR_WRITE                 text46       001B4C
__end_of_I2C_DO_SEND_RESTART                   text40       001BD4
__end_of_I2C_DO_SEND_RESTART_READ              text42       001BE4
__end_of_I2C_DO_SEND_RESTART_WRITE             text41       001BDC
__end_of_I2C_DO_SEND_STOP                      text39       001BCC
__end_of_I2C_DO_TX                             text45       001312
__end_of_I2C_DO_TX_EMPTY                       text49       001550
__end_of_I2C_Initialize                        text8        001B1E
__end_of_I2C_MasterClearIrq                    text29       001C12
__end_of_I2C_MasterClose                       text28       001C0E
__end_of_I2C_MasterDisableIrq                  text27       001C0A
__end_of_I2C_MasterEnableIrq                   text22       001C02
__end_of_I2C_MasterEnableRestart               text68       001C32
__end_of_I2C_MasterFsm                         text32       00168C
__end_of_I2C_MasterGetRxData                   text54       001C1E
__end_of_I2C_MasterIsNack                      text51       001B32
__end_of_I2C_MasterIsr                         text31       001BF2
__end_of_I2C_MasterOpen                        text21       001A62
__end_of_I2C_MasterOperation                   text24       001896
__end_of_I2C_MasterSendAck                     text53       001BF8
__end_of_I2C_MasterSendNack                    text55       001BFE
__end_of_I2C_MasterSendTxData                  text52       001BEC
__end_of_I2C_MasterSetIrq                      text50       001C1A
__end_of_I2C_MasterStart                       text25       001C06
__end_of_I2C_MasterStartRx                     text56       001C22
__end_of_I2C_MasterStop                        text67       001C2E
__end_of_I2C_MasterWrite                       text23       001BAC
__end_of_I2C_Open                              text19       001458
__end_of_I2C_Read1ByteRegister                 text14       0014D6
__end_of_I2C_SetAddressNackCallback            text17       001AF2
__end_of_I2C_SetBuffer                         text16       001A40
__end_of_I2C_SetCallback                       text18       001626
__end_of_I2C_SetDataCompleteCallback           text15       001ADA
__end_of_I2C_SetInterruptHandler               text20       001B7E
__end_of_INTERRUPT_Initialize                  text7        001BA4
__end_of_INTERRUPT_InterruptManagerHigh        intcode      0000AE
__end_of_OSCILLATOR_Initialize                 text6        001B56
__end_of_PIN_MANAGER_Initialize                text5        001940
__end_of_RTC_DS1307_get_data                   text13       0015BC
__end_of_SYSTEM_Initialize                     text1        001AA4
__end_of__initialization                       cinit        001804
__end_of_gpio_pin_direction_intialize          text4        00113E
__end_of_gpio_pin_intialize                    text2        001756
__end_of_gpio_pin_write_logic                  text3        001254
__end_of_i2c_fsmStateTable                     smallconst   001021
__end_of_main                                  text0        001910
__end_of_rd1RegCompleteHandler                 text62       0019F2
__end_of_rd2RegCompleteHandler                 text61       0019C6
__end_of_rdBlkRegCompleteHandler               text59       0018D8
__end_of_wr1RegCompleteHandler                 text60       00199A
__end_of_wr2RegCompleteHandler                 text63       001A1E
__end_ofi2_I2C_MasterClearIrq                  text33       001C16
__end_ofi2_I2C_SetBuffer                       text66       001A84
__end_ofi2_I2C_SetCallback                     text65       0016F2
__end_ofi2_I2C_SetDataCompleteCallback         text64       001B0A
__initialization                               cinit        0017BA
__mediumconst                                  mediumconst  000000
__pbssBANK0                                    bssBANK0     000060
__pbssCOMRAM                                   bssCOMRAM    000001
__pcinit                                       cinit        0017BA
__pcstackBANK0                                 cstackBANK0  00009E
__pcstackCOMRAM                                cstackCOMRAM 00002F
__pdataBANK0                                   dataBANK0    000080
__pdataCOMRAM                                  dataCOMRAM   00004A
__pidataBANK0                                  idataBANK0   001AA4
__pidataCOMRAM                                 idataCOMRAM  001C32
__pintcode                                     intcode      000000
__pnvBANK0                                     nvBANK0      0000B1
__psmallconst                                  smallconst   001000
__ptext0                                       text0        0018D8
__ptext1                                       text1        001A84
__ptext10                                      text10       001B56
__ptext11                                      text11       001B60
__ptext12                                      text12       001B6A
__ptext13                                      text13       001550
__ptext14                                      text14       001458
__ptext15                                      text15       001AC2
__ptext16                                      text16       001A1E
__ptext17                                      text17       001ADA
__ptext18                                      text18       0015BC
__ptext19                                      text19       0013B6
__ptext2                                       text2        0016F2
__ptext20                                      text20       001B74
__ptext21                                      text21       001A40
__ptext22                                      text22       001BFE
__ptext23                                      text23       001BA4
__ptext24                                      text24       001852
__ptext25                                      text25       001C02
__ptext26                                      text26       001940
__ptext27                                      text27       001C06
__ptext28                                      text28       001C0A
__ptext29                                      text29       001C0E
__ptext3                                       text3        00113E
__ptext31                                      text31       001BEC
__ptext32                                      text32       001626
__ptext33                                      text33       001C12
__ptext34                                      text34       001756
__ptext35                                      text35       001B7E
__ptext36                                      text36       001BAC
__ptext37                                      text37       001BB4
__ptext38                                      text38       001BBC
__ptext39                                      text39       001BC4
__ptext4                                       text4        001026
__ptext40                                      text40       001BCC
__ptext41                                      text41       001BD4
__ptext42                                      text42       001BDC
__ptext43                                      text43       001B88
__ptext44                                      text44       001312
__ptext45                                      text45       001254
__ptext46                                      text46       001B40
__ptext47                                      text47       001B32
__ptext48                                      text48       001B92
__ptext49                                      text49       0014D6
__ptext5                                       text5        001910
__ptext50                                      text50       001C16
__ptext51                                      text51       001B1E
__ptext52                                      text52       001BE4
__ptext53                                      text53       001BF2
__ptext54                                      text54       001C1A
__ptext55                                      text55       001BF8
__ptext56                                      text56       001C1E
__ptext57                                      text57       001C22
__ptext58                                      text58       001C26
__ptext59                                      text59       001896
__ptext6                                       text6        001B4C
__ptext60                                      text60       00196E
__ptext61                                      text61       00199A
__ptext62                                      text62       0019C6
__ptext63                                      text63       0019F2
__ptext64                                      text64       001AF2
__ptext65                                      text65       00168C
__ptext66                                      text66       001A62
__ptext67                                      text67       001C2A
__ptext68                                      text68       001C2E
__ptext7                                       text7        001B9C
__ptext8                                       text8        001B0A
__ptext9                                       text9        00180E
__ramtop                                       ramtop       001000
__smallconst                                   smallconst   001000
_eusartRxLastError                             bssCOMRAM    00002D
_gpio_pin_direction_intialize                  text4        001026
_gpio_pin_intialize                            text2        0016F2
_gpio_pin_write_logic                          text3        00113E
_i2c_fsmStateTable                             smallconst   001001
_lat_registers                                 dataBANK0    00008A
_main                                          text0        0018D8
_port_registers                                dataBANK0    000080
_rd1RegCompleteHandler                         text62       0019C6
_rd2RegCompleteHandler                         text61       00199A
_rdBlkRegCompleteHandler                       text59       001896
_ret                                           bssCOMRAM    00002E
_test                                          dataCOMRAM   00004A
_time_date_data                                bssBANK0     000060
_time_date_data@RTC_DS1307$F361                bssCOMRAM    000025
_tris_registers                                dataBANK0    000094
_wr1RegCompleteHandler                         text60       00196E
_wr2RegCompleteHandler                         text63       0019F2
btemp                                          temp         00004B
end_of_initialization                          cinit        001804
gpio_pin_direction_intialize@_pin_config       cstackBANK0  00009E
gpio_pin_direction_intialize@ret               cstackBANK0  0000A4
gpio_pin_intialize@_pin_config                 cstackBANK0  0000A6
gpio_pin_intialize@ret                         cstackBANK0  0000A8
gpio_pin_write_logic@_pin_config               cstackBANK0  00009E
gpio_pin_write_logic@logic                     cstackBANK0  00009F
gpio_pin_write_logic@ret                       cstackBANK0  0000A5
i2I2C_SetBuffer@buffer                         cstackCOMRAM 00002F
i2I2C_SetBuffer@bufferSize                     cstackCOMRAM 000031
i2I2C_SetCallback@cb                           cstackCOMRAM 00002F
i2I2C_SetCallback@idx                          cstackCOMRAM 000033
i2I2C_SetCallback@ptr                          cstackCOMRAM 000031
i2I2C_SetDataCompleteCallback@cb               cstackCOMRAM 000034
i2I2C_SetDataCompleteCallback@ptr              cstackCOMRAM 000036
i2_I2C_MasterClearIrq                          text33       001C12
i2_I2C_SetBuffer                               text66       001A62
i2_I2C_SetCallback                             text65       00168C
i2_I2C_SetDataCompleteCallback                 text64       001AF2
int$flags                                      temp         00004B
intlevel0                                      text         000000
intlevel1                                      text         000000
intlevel2                                      text         000000
intlevel3                                      text         000000
isa$std                                        (abs)        000001
isa$xinst                                      (abs)        000000
rd1RegCompleteHandler@ptr                      cstackCOMRAM 000038
rd2RegCompleteHandler@ptr                      cstackCOMRAM 000038
rdBlkRegCompleteHandler@ptr                    cstackCOMRAM 000038
stackhi                                        (abs)        000000
stacklo                                        (abs)        000000
start                                          init         0000AE
start_initialization                           cinit        0017BA
ttemp5                                         temp         00004C
ttemp6                                         temp         00004F
ttemp7                                         temp         000053
wr1RegCompleteHandler@ptr                      cstackCOMRAM 000038
wr2RegCompleteHandler@ptr                      cstackCOMRAM 000038
wtemp8                                         temp         00004C
