Microchip MPLAB XC8 Compiler V2.46

Linker command line:

-W-3 \
  --edf=C:\Program Files\Microchip\xc8\v2.46\pic\dat\20240104201356_en.msgs \
  -cn -h+dist/default/production\smart_home_slave1_mcu.X.production.sym \
  --cmf=dist/default/production\smart_home_slave1_mcu.X.production.cmf -z \
  -Q18F46K20 -oC:\Users\adhfj\AppData\Local\Temp\xcAsddk.\driver_tmp_3.o \
  --defsym=__MPLAB_BUILD=1 --fixupoverflow=error \
  -Mdist/default/production/smart_home_slave1_mcu.X.production.map \
  --md=C:\Users\adhfj\AppData\Local\Temp\xcAsddk.\driver_tmp_0.dat -E1 \
  -ver=XC8 Compiler --acfsm=1493 -ACODE=00h-0FFFFh -ACONST=00h-0FFFFh \
  -ASMALLCONST=01000h-010FFhx240 -AMEDIUMCONST=01000h-0FFFFh \
  -ACOMRAM=01h-05Fh -AABS1=00h-0F5Fh -ABIGRAM=01h-0F5Fh \
  -ARAM=060h-0FFh,0100h-01FFhx14,0F00h-0F5Fh -ABANK0=060h-0FFh \
  -ABANK1=0100h-01FFh -ABANK2=0200h-02FFh -ABANK3=0300h-03FFh \
  -ABANK4=0400h-04FFh -ABANK5=0500h-05FFh -ABANK6=0600h-06FFh \
  -ABANK7=0700h-07FFh -ABANK8=0800h-08FFh -ABANK9=0900h-09FFh \
  -ABANK10=0A00h-0AFFh -ABANK11=0B00h-0BFFh -ABANK12=0C00h-0CFFh \
  -ABANK13=0D00h-0DFFh -ABANK14=0E00h-0EFFh -ABANK15=0F00h-0F5Fh \
  -ASFR=0F60h-0FFFh -ABIGSFR=0F60h-0FFFh -ACONFIG=0300000h-030000Dh \
  -AIDLOC=0200000h-0200007h -AEEDATA=0F00000h-0F003FFh -peeprom_data=EEDATA \
  -preset_vec=00h,intcode=8h,intcodelo,powerup,init -pramtop=01000h \
  -psmallconst=SMALLCONST -pmediumconst=MEDIUMCONST -pconst=CONST \
  -AFARRAM=00h-00h \
  -prdata=COMRAM,nvrram=COMRAM,nvbit=COMRAM,rbss=COMRAM,rbit=COMRAM \
  -pfarbss=FARRAM,fardata=FARRAM,nvFARRAM=FARRAM \
  -pintsave_regs=BIGRAM,bigbss=BIGRAM,bigdata=BIGRAM -pbss=RAM \
  -pidata=CODE,irdata=CODE,ibigdata=CODE,ifardata=CODE -prparam=COMRAM \
  C:\Users\adhfj\AppData\Local\Temp\xcAsddk.\driver_tmp_9.o \
  dist/default/production\smart_home_slave1_mcu.X.production.o 

Object code version is 3.11

Machine type is 18F46K20



                Name                               Link     Load   Length Selector   Space Scale
C:\Users\adhfj\AppData\Local\Temp\xcAsddk.\driver_tmp_9.o
                config                           300000   300000        E        0       4
                init                                 62       62        4        4       0
                reset_vec                             0        0        4        0       0
dist/default/production\smart_home_slave1_mcu.X.production.o
                intcode                               8        8       5A        4       0
                config                           300000   300000        E        0       4
                temp                                 53       53        1        1       1
                smallconst                         1000     1000        6      800       0
                text27                             1702     1702        2      803       0
                text26                             15D6     15D6       2E      803       0
                text25                             1700     1700        2      803       0
                text24                             1474     1474       50      803       0
                text23                             15A8     15A8       2E      803       0
                text21                             1502     1502       3A      803       0
                text20                             16EA     16EA        A      803       0
                text19                             1650     1650       24      803       0
                text18                             16E0     16E0        A      803       0
                text17                             16D6     16D6        A      803       0
                text16                             16CC     16CC        A      803       0
                text15                             14C4     14C4       3E      803       0
                text14                             16F4     16F4        8      803       0
                text13                             16C2     16C2        A      803       0
                text12                             1572     1572       36      803       0
                text11                             16B8     16B8        A      803       0
                text10                             1696     1696       22      803       0
                text9                              1006     1006      112      803       0
                text8                              1118     1118      110      803       0
                text7                              130E     130E       5E      803       0
                text6                              1604     1604       28      803       0
                text5                              1424     1424       50      803       0
                text4                              13C8     13C8       5C      803       0
                text3                              1228     1228       E6      803       0
                text2                              1674     1674       22      803       0
                text1                              16FC     16FC        4      803       0
                text0                              136C     136C       5C      803       0
                cstackCOMRAM                         25       25       14        1       1
                dataCOMRAM                            1        1       24        1       1
                bssCOMRAM                            39       39       10        1       1
                cinit                              153C     153C       36      803       0
                nvCOMRAM                             49       49        A        1       1
                idataCOMRAM                        162C     162C       24      803       0

TOTAL           Name                               Link     Load   Length     Space
        CLASS   CODE           
                intcode                               8        8       5A         0
                init                                 62       62        4         0
                reset_vec                             0        0        4         0
                text27                             1702     1702        2         0
                text26                             15D6     15D6       2E         0
                text25                             1700     1700        2         0
                text24                             1474     1474       50         0
                text23                             15A8     15A8       2E         0
                text21                             1502     1502       3A         0
                text20                             16EA     16EA        A         0
                text19                             1650     1650       24         0
                text18                             16E0     16E0        A         0
                text17                             16D6     16D6        A         0
                text16                             16CC     16CC        A         0
                text15                             14C4     14C4       3E         0
                text14                             16F4     16F4        8         0
                text13                             16C2     16C2        A         0
                text12                             1572     1572       36         0
                text11                             16B8     16B8        A         0
                text10                             1696     1696       22         0
                text9                              1006     1006      112         0
                text8                              1118     1118      110         0
                text7                              130E     130E       5E         0
                text6                              1604     1604       28         0
                text5                              1424     1424       50         0
                text4                              13C8     13C8       5C         0
                text3                              1228     1228       E6         0
                text2                              1674     1674       22         0
                text1                              16FC     16FC        4         0
                text0                              136C     136C       5C         0
                cinit                              153C     153C       36         0
                idataCOMRAM                        162C     162C       24         0

        CLASS   CONST          

        CLASS   SMALLCONST     
                smallconst                         1000     1000        6         0

        CLASS   MEDIUMCONST    

        CLASS   COMRAM         
                temp                                 53       53        1         1
                cstackCOMRAM                         25       25       14         1
                dataCOMRAM                            1        1       24         1
                bssCOMRAM                            39       39       10         1
                nvCOMRAM                             49       49        A         1

        CLASS   ABS1           

        CLASS   BIGRAM         

        CLASS   RAM            

        CLASS   BANK0          

        CLASS   BANK1          

        CLASS   BANK2          

        CLASS   BANK3          

        CLASS   BANK4          

        CLASS   BANK5          

        CLASS   BANK6          

        CLASS   BANK7          

        CLASS   BANK8          

        CLASS   BANK9          

        CLASS   BANK10         

        CLASS   BANK11         

        CLASS   BANK12         

        CLASS   BANK13         

        CLASS   BANK14         

        CLASS   BANK15         

        CLASS   SFR            

        CLASS   BIGSFR         

        CLASS   CONFIG         
                config                           300000   300000        E         4

        CLASS   IDLOC          

        CLASS   EEDATA         

        CLASS   FARRAM         

        CLASS   HEAP           

        CLASS   STACK          



SEGMENTS        Name                           Load    Length   Top    Selector   Space  Class

                reset_vec                      000000  000004  000004         0       0  CODE    
                dataCOMRAM                     000001  000053  000054         1       1  COMRAM  
                intcode                        000008  00005E  000066         4       0  CODE    
                smallconst                     001000  000006  001006       800       0  SMALLCON
                text9                          001006  0006FE  001704       803       0  CODE    


UNUSED ADDRESS RANGES

        Name                Unused          Largest block    Delta
        BANK0            000060-0000FF               A0
        BANK1            000100-0001FF              100
        BANK10           000A00-000AFF              100
        BANK11           000B00-000BFF              100
        BANK12           000C00-000CFF              100
        BANK13           000D00-000DFF              100
        BANK14           000E00-000EFF              100
        BANK15           000F00-000F5F               60
        BANK2            000200-0002FF              100
        BANK3            000300-0003FF              100
        BANK4            000400-0004FF              100
        BANK5            000500-0005FF              100
        BANK6            000600-0006FF              100
        BANK7            000700-0007FF              100
        BANK8            000800-0008FF              100
        BANK9            000900-0009FF              100
        BIGRAM           000054-000F5F              F0C
        BIGSFR           000F60-000FFF               A0
        CODE             000004-000007                4
                         000066-000FFF              F9A
                         001704-00FFFF             E8FC
        COMRAM           000054-00005F                C
        CONST            000004-000007                4
                         000066-000FFF              F9A
                         001704-00FFFF             E8FC
        EEDATA           F00000-F003FF              400
        IDLOC            200000-200007                8
        MEDIUMCONST      001704-00FFFF             E8FC
        RAM              000060-000F5F              100
        SFR              000F60-000FFF               A0
        SMALLCONST       001704-00FFFF              100

                                  Symbol Table

?_ADC_GetConversion                            cstackCOMRAM 000027
ADC_GetConversion@channel                      cstackCOMRAM 00002B
ADC_SetInterruptHandler@InterruptHandler       cstackCOMRAM 000027
EUSART_SetErrorHandler@interruptHandler        cstackCOMRAM 000027
EUSART_SetFramingErrorHandler@interruptHandler cstackCOMRAM 000027
EUSART_SetOverrunErrorHandler@interruptHandler cstackCOMRAM 000027
TMR0_CallBack@one_sec_counter                  bssCOMRAM    00003F
TMR0_ISR@CountCallBack                         bssCOMRAM    000041
TMR0_SetInterruptHandler@InterruptHandler      cstackCOMRAM 000027
_ADCON0                                        (abs)        000FC2
_ADCON0bits                                    (abs)        000FC2
_ADCON1                                        (abs)        000FC1
_ADCON2                                        (abs)        000FC0
_ADC_DefaultInterruptHandler                   text27       001702
_ADC_GetConversion                             text21       001502
_ADC_ISR                                       text26       0015D6
_ADC_Initialize                                text19       001650
_ADC_InterruptHandler                          nvCOMRAM     00004B
_ADC_SetInterruptHandler                       text20       0016EA
_ADRESH                                        (abs)        000FC4
_ADRESL                                        (abs)        000FC3
_ANSEL                                         (abs)        000F7E
_ANSELH                                        (abs)        000F7F
_BAUDCON                                       (abs)        000FB8
_EUSART_DefaultErrorHandler                    (abs)        000000
_EUSART_DefaultFramingErrorHandler             (abs)        000000
_EUSART_DefaultOverrunErrorHandler             (abs)        000000
_EUSART_ErrorHandler                           nvCOMRAM     00004D
_EUSART_FramingErrorHandler                    nvCOMRAM     000051
_EUSART_Initialize                             text15       0014C4
_EUSART_OverrunErrorHandler                    nvCOMRAM     00004F
_EUSART_SetErrorHandler                        text18       0016E0
_EUSART_SetFramingErrorHandler                 text17       0016D6
_EUSART_SetOverrunErrorHandler                 text16       0016CC
_INTCON2bits                                   (abs)        000FF1
_INTCONbits                                    (abs)        000FF2
_INTERRUPT_Initialize                          text14       0016F4
_INTERRUPT_InterruptManagerHigh                intcode      000008
_IPR1bits                                      (abs)        000F9F
_LATA                                          (abs)        000F89
_LATAbits                                      (abs)        000F89
_LATB                                          (abs)        000F8A
_LATBbits                                      (abs)        000F8A
_LATC                                          (abs)        000F8B
_LATD                                          (abs)        000F8C
_LATE                                          (abs)        000F8D
_OSCCON                                        (abs)        000FD3
_OSCILLATOR_Initialize                         text13       0016C2
_OSCTUNE                                       (abs)        000F9B
_PIE1bits                                      (abs)        000F9D
_PIN_MANAGER_Initialize                        text12       001572
_PIR1bits                                      (abs)        000F9E
_PORTA                                         (abs)        000F80
_PORTB                                         (abs)        000F81
_PORTBbits                                     (abs)        000F81
_PORTC                                         (abs)        000F82
_PORTD                                         (abs)        000F83
_PORTE                                         (abs)        000F84
_RCONbits                                      (abs)        000FD0
_RCREG                                         (abs)        000FAE
_RCSTA                                         (abs)        000FAB
_RCSTAbits                                     (abs)        000FAB
_SPBRG                                         (abs)        000FAF
_SPBRGH                                        (abs)        000FB0
_SYSTEM_Initialize                             text2        001674
_T0CON                                         (abs)        000FD5
_T0CONbits                                     (abs)        000FD5
_TMR0H                                         (abs)        000FD7
_TMR0L                                         (abs)        000FD6
_TMR0_CallBack                                 text24       001474
_TMR0_DefaultInterruptHandler                  text25       001700
_TMR0_ISR                                      text23       0015A8
_TMR0_Initialize                               text10       001696
_TMR0_InterruptHandler                         nvCOMRAM     000049
_TMR0_SetInterruptHandler                      text11       0016B8
_TMR0_StartTimer                               text1        0016FC
_TRISA                                         (abs)        000F92
_TRISB                                         (abs)        000F93
_TRISC                                         (abs)        000F94
_TRISD                                         (abs)        000F95
_TRISE                                         (abs)        000F96
_TXREG                                         (abs)        000FAD
_TXSTA                                         (abs)        000FAC
_TXSTAbits                                     (abs)        000FAC
_WPUB                                          (abs)        000F7C
__HRAM                                         (abs)        000000
__H__absolute__                                __absolute__ 000000
__Habs1                                        abs1         000000
__Hbank0                                       bank0        000000
__Hbank1                                       bank1        000000
__Hbank10                                      bank10       000000
__Hbank11                                      bank11       000000
__Hbank12                                      bank12       000000
__Hbank13                                      bank13       000000
__Hbank14                                      bank14       000000
__Hbank15                                      bank15       000000
__Hbank2                                       bank2        000000
__Hbank3                                       bank3        000000
__Hbank4                                       bank4        000000
__Hbank5                                       bank5        000000
__Hbank6                                       bank6        000000
__Hbank7                                       bank7        000000
__Hbank8                                       bank8        000000
__Hbank9                                       bank9        000000
__Hbigbss                                      bigbss       000000
__Hbigdata                                     bigdata      000000
__Hbigram                                      bigram       000000
__Hbigsfr                                      bigsfr       000000
__Hbss                                         bss          000000
__HbssCOMRAM                                   bssCOMRAM    000000
__Hcinit                                       cinit        000000
__Hclrtext                                     clrtext      000000
__Hcomram                                      comram       000000
__Hconfig                                      config       30000E
__Hconst                                       const        000000
__HcstackCOMRAM                                cstackCOMRAM 000000
__Hdata                                        data         000000
__HdataCOMRAM                                  dataCOMRAM   000000
__Heeprom_data                                 eeprom_data  000000
__Hfarbss                                      farbss       000000
__Hfardata                                     fardata      000000
__Hheap                                        heap         000000
__Hibigdata                                    ibigdata     000000
__Hidata                                       idata        000000
__HidataCOMRAM                                 idataCOMRAM  000000
__Hidloc                                       idloc        000000
__Hifardata                                    ifardata     000000
__Hinit                                        init         000066
__Hintcode                                     intcode      000062
__Hintcode_body                                intcode_body 000000
__Hintcodelo                                   intcodelo    000062
__Hintentry                                    intentry     000000
__Hintret                                      intret       000000
__Hintsave_regs                                intsave_regs 000000
__Hirdata                                      irdata       000000
__Hmediumconst                                 mediumconst  000000
__HnvCOMRAM                                    nvCOMRAM     000000
__HnvFARRAM                                    nvFARRAM     000000
__Hnvbit                                       nvbit        000000
__Hnvrram                                      nvrram       000000
__Hparam                                       rparam       000000
__Hpowerup                                     powerup      000062
__Hram                                         ram          000000
__Hramtop                                      ramtop       001000
__Hrbit                                        rbit         000000
__Hrbss                                        rbss         000000
__Hrdata                                       rdata        000000
__Hreset_vec                                   reset_vec    000004
__Hrparam                                      rparam       000000
__Hsfr                                         sfr          000000
__Hsivt_hi                                     sivt_hi      000000
__Hsivt_lo                                     sivt_lo      000000
__Hsmallconst                                  smallconst   001006
__Hspace_0                                     (abs)        001704
__Hspace_1                                     (abs)        000054
__Hspace_2                                     (abs)        000000
__Hspace_4                                     (abs)        60000E
__Hstack                                       stack        000000
__Hstruct                                      struct       000000
__Htemp                                        temp         000054
__Htext                                        text         000000
__Htext0                                       text0        000000
__Htext1                                       text1        000000
__Htext10                                      text10       000000
__Htext11                                      text11       000000
__Htext12                                      text12       000000
__Htext13                                      text13       000000
__Htext14                                      text14       000000
__Htext15                                      text15       000000
__Htext16                                      text16       000000
__Htext17                                      text17       000000
__Htext18                                      text18       000000
__Htext19                                      text19       000000
__Htext2                                       text2        000000
__Htext20                                      text20       000000
__Htext21                                      text21       000000
__Htext23                                      text23       000000
__Htext24                                      text24       000000
__Htext25                                      text25       000000
__Htext26                                      text26       000000
__Htext27                                      text27       000000
__Htext3                                       text3        000000
__Htext4                                       text4        000000
__Htext5                                       text5        000000
__Htext6                                       text6        000000
__Htext7                                       text7        000000
__Htext8                                       text8        000000
__Htext9                                       text9        000000
__LRAM                                         (abs)        000001
__L__absolute__                                __absolute__ 000000
__Labs1                                        abs1         000000
__Lbank0                                       bank0        000000
__Lbank1                                       bank1        000000
__Lbank10                                      bank10       000000
__Lbank11                                      bank11       000000
__Lbank12                                      bank12       000000
__Lbank13                                      bank13       000000
__Lbank14                                      bank14       000000
__Lbank15                                      bank15       000000
__Lbank2                                       bank2        000000
__Lbank3                                       bank3        000000
__Lbank4                                       bank4        000000
__Lbank5                                       bank5        000000
__Lbank6                                       bank6        000000
__Lbank7                                       bank7        000000
__Lbank8                                       bank8        000000
__Lbank9                                       bank9        000000
__Lbigbss                                      bigbss       000000
__Lbigdata                                     bigdata      000000
__Lbigram                                      bigram       000000
__Lbigsfr                                      bigsfr       000000
__Lbss                                         bss          000000
__LbssCOMRAM                                   bssCOMRAM    000000
__Lcinit                                       cinit        000000
__Lclrtext                                     clrtext      000000
__Lcomram                                      comram       000000
__Lconfig                                      config       000000
__Lconst                                       const        000000
__LcstackCOMRAM                                cstackCOMRAM 000000
__Ldata                                        data         000000
__LdataCOMRAM                                  dataCOMRAM   000000
__Leeprom_data                                 eeprom_data  000000
__Lfarbss                                      farbss       000000
__Lfardata                                     fardata      000000
__Lheap                                        heap         000000
__Libigdata                                    ibigdata     000000
__Lidata                                       idata        000000
__LidataCOMRAM                                 idataCOMRAM  000000
__Lidloc                                       idloc        000000
__Lifardata                                    ifardata     000000
__Linit                                        init         000062
__Lintcode                                     intcode      000008
__Lintcode_body                                intcode_body 000000
__Lintcodelo                                   intcodelo    000062
__Lintentry                                    intentry     000000
__Lintret                                      intret       000000
__Lintsave_regs                                intsave_regs 000000
__Lirdata                                      irdata       000000
__Lmediumconst                                 mediumconst  000000
__LnvCOMRAM                                    nvCOMRAM     000000
__LnvFARRAM                                    nvFARRAM     000000
__Lnvbit                                       nvbit        000000
__Lnvrram                                      nvrram       000000
__Lparam                                       rparam       000000
__Lpowerup                                     powerup      000062
__Lram                                         ram          000000
__Lramtop                                      ramtop       001000
__Lrbit                                        rbit         000000
__Lrbss                                        rbss         000000
__Lrdata                                       rdata        000000
__Lreset_vec                                   reset_vec    000000
__Lrparam                                      rparam       000000
__Lsfr                                         sfr          000000
__Lsivt_hi                                     sivt_hi      000000
__Lsivt_lo                                     sivt_lo      000000
__Lsmallconst                                  smallconst   001000
__Lspace_0                                     (abs)        000000
__Lspace_1                                     (abs)        000000
__Lspace_2                                     (abs)        000000
__Lspace_4                                     (abs)        000000
__Lstack                                       stack        000000
__Lstruct                                      struct       000000
__Ltemp                                        temp         000053
__Ltext                                        text         000000
__Ltext0                                       text0        000000
__Ltext1                                       text1        000000
__Ltext10                                      text10       000000
__Ltext11                                      text11       000000
__Ltext12                                      text12       000000
__Ltext13                                      text13       000000
__Ltext14                                      text14       000000
__Ltext15                                      text15       000000
__Ltext16                                      text16       000000
__Ltext17                                      text17       000000
__Ltext18                                      text18       000000
__Ltext19                                      text19       000000
__Ltext2                                       text2        000000
__Ltext20                                      text20       000000
__Ltext21                                      text21       000000
__Ltext23                                      text23       000000
__Ltext24                                      text24       000000
__Ltext25                                      text25       000000
__Ltext26                                      text26       000000
__Ltext27                                      text27       000000
__Ltext3                                       text3        000000
__Ltext4                                       text4        000000
__Ltext5                                       text5        000000
__Ltext6                                       text6        000000
__Ltext7                                       text7        000000
__Ltext8                                       text8        000000
__Ltext9                                       text9        000000
__S0                                           (abs)        001704
__S1                                           (abs)        000054
__S4                                           (abs)        000000
__S5                                           (abs)        000000
___heap_hi                                     (abs)        000000
___heap_lo                                     (abs)        000000
___inthi_sp                                    stack        000000
___inthi_stack_hi                              stack        000000
___inthi_stack_lo                              stack        000000
___intlo_sp                                    stack        000000
___intlo_stack_hi                              stack        000000
___intlo_stack_lo                              stack        000000
___param_bank                                  (abs)        000000
___rparam_used                                 (abs)        000001
___sp                                          stack        000000
___stack_hi                                    stack        000000
___stack_lo                                    stack        000000
__accesstop                                    (abs)        000060
__activetblptr                                 (abs)        000003
__end_of_ADC_DefaultInterruptHandler           text27       001704
__end_of_ADC_GetConversion                     text21       00153C
__end_of_ADC_ISR                               text26       001604
__end_of_ADC_Initialize                        text19       001674
__end_of_ADC_SetInterruptHandler               text20       0016F4
__end_of_EUSART_Initialize                     text15       001502
__end_of_EUSART_SetErrorHandler                text18       0016EA
__end_of_EUSART_SetFramingErrorHandler         text17       0016E0
__end_of_EUSART_SetOverrunErrorHandler         text16       0016D6
__end_of_INTERRUPT_Initialize                  text14       0016FC
__end_of_INTERRUPT_InterruptManagerHigh        intcode      000062
__end_of_OSCILLATOR_Initialize                 text13       0016CC
__end_of_PIN_MANAGER_Initialize                text12       0015A8
__end_of_SYSTEM_Initialize                     text2        001696
__end_of_TMR0_CallBack                         text24       0014C4
__end_of_TMR0_DefaultInterruptHandler          text25       001702
__end_of_TMR0_ISR                              text23       0015D6
__end_of_TMR0_Initialize                       text10       0016B8
__end_of_TMR0_SetInterruptHandler              text11       0016C2
__end_of_TMR0_StartTimer                       text1        001700
__end_of__initialization                       cinit        001568
__end_of_gpio_pin_direction_intialize          text9        001118
__end_of_gpio_pin_intialize                    text7        00136C
__end_of_gpio_pin_write_logic                  text8        001228
__end_of_lcd_4bit_intialize                    text3        00130E
__end_of_lcd_4bit_send_command                 text4        001424
__end_of_lcd_4bit_send_enable_signal           text6        00162C
__end_of_lcd_send_4bits                        text5        001474
__end_of_main                                  text0        0013C8
__initialization                               cinit        00153C
__mediumconst                                  mediumconst  000000
__pbssCOMRAM                                   bssCOMRAM    000039
__pcinit                                       cinit        00153C
__pcstackCOMRAM                                cstackCOMRAM 000025
__pdataCOMRAM                                  dataCOMRAM   000001
__pidataCOMRAM                                 idataCOMRAM  00162C
__pintcode                                     intcode      000008
__pnvCOMRAM                                    nvCOMRAM     000049
__psmallconst                                  smallconst   001000
__ptext0                                       text0        00136C
__ptext1                                       text1        0016FC
__ptext10                                      text10       001696
__ptext11                                      text11       0016B8
__ptext12                                      text12       001572
__ptext13                                      text13       0016C2
__ptext14                                      text14       0016F4
__ptext15                                      text15       0014C4
__ptext16                                      text16       0016CC
__ptext17                                      text17       0016D6
__ptext18                                      text18       0016E0
__ptext19                                      text19       001650
__ptext2                                       text2        001674
__ptext20                                      text20       0016EA
__ptext21                                      text21       001502
__ptext23                                      text23       0015A8
__ptext24                                      text24       001474
__ptext25                                      text25       001700
__ptext26                                      text26       0015D6
__ptext27                                      text27       001702
__ptext3                                       text3        001228
__ptext4                                       text4        0013C8
__ptext5                                       text5        001424
__ptext6                                       text6        001604
__ptext7                                       text7        00130E
__ptext8                                       text8        001118
__ptext9                                       text9        001006
__ramtop                                       ramtop       001000
__smallconst                                   smallconst   001000
_converted_LDR_Value                           bssCOMRAM    000043
_date_time_lcd                                 dataCOMRAM   00001F
_eusartRxLastError                             bssCOMRAM    000048
_gpio_pin_direction_intialize                  text9        001006
_gpio_pin_intialize                            text7        00130E
_gpio_pin_write_logic                          text8        001118
_lat_registers                                 dataCOMRAM   00000B
_lcd_4bit_intialize                            text3        001228
_lcd_4bit_send_command                         text4        0013C8
_lcd_4bit_send_enable_signal                   text6        001604
_lcd_send_4bits                                text5        001424
_main                                          text0        00136C
_port_registers                                dataCOMRAM   000001
_ret                                           bssCOMRAM    000047
_star_button                                   bssCOMRAM    000046
_timer0ReloadVal                               bssCOMRAM    000045
_tris_registers                                dataCOMRAM   000015
btemp                                          temp         000053
end_of_initialization                          cinit        001568
gpio_pin_direction_intialize@_pin_config       cstackCOMRAM 000027
gpio_pin_direction_intialize@ret               cstackCOMRAM 00002D
gpio_pin_intialize@_pin_config                 cstackCOMRAM 00002F
gpio_pin_intialize@ret                         cstackCOMRAM 000031
gpio_pin_write_logic@_pin_config               cstackCOMRAM 000027
gpio_pin_write_logic@logic                     cstackCOMRAM 000028
gpio_pin_write_logic@ret                       cstackCOMRAM 00002E
int$flags                                      temp         000053
intlevel0                                      text         000000
intlevel1                                      text         000000
intlevel2                                      text         000000
intlevel3                                      text         000000
isa$std                                        (abs)        000001
isa$xinst                                      (abs)        000000
lcd_4bit_intialize@l_data_pins_counter         cstackCOMRAM 000038
lcd_4bit_intialize@lcd                         cstackCOMRAM 000035
lcd_4bit_intialize@ret                         cstackCOMRAM 000037
lcd_4bit_send_command@command                  cstackCOMRAM 000033
lcd_4bit_send_command@lcd                      cstackCOMRAM 000032
lcd_4bit_send_command@ret                      cstackCOMRAM 000034
lcd_4bit_send_enable_signal@lcd                cstackCOMRAM 00002F
lcd_4bit_send_enable_signal@ret                cstackCOMRAM 000030
lcd_send_4bits@_data_command                   cstackCOMRAM 000030
lcd_send_4bits@lcd                             cstackCOMRAM 00002F
lcd_send_4bits@ret                             cstackCOMRAM 000031
stackhi                                        (abs)        000000
stacklo                                        (abs)        000000
start                                          init         000062
start_initialization                           cinit        00153C
ttemp5                                         temp         000054
ttemp6                                         temp         000057
ttemp7                                         temp         00005B
wtemp8                                         temp         000054


MODULE INFORMATION

Module		Function		Class		Link	Load	Size
mcc_generated_files/interrupt_manager.c
		_INTERRUPT_Initialize		CODE           	16F4	0000	8
		_INTERRUPT_InterruptManagerHigh		CODE           	0008	0000	90

mcc_generated_files/interrupt_manager.c estimated size: 98

mcc_generated_files/tmr0.c
		_TMR0_SetInterruptHandler		CODE           	16B8	0000	10
		_TMR0_DefaultInterruptHandler		CODE           	1700	0000	2
		_TMR0_CallBack 		CODE           	1474	0000	80
		_TMR0_StartTimer		CODE           	16FC	0000	4
		_TMR0_ISR      		CODE           	15A8	0000	46
		_TMR0_Initialize		CODE           	1696	0000	34

mcc_generated_files/tmr0.c estimated size: 176

mcc_generated_files/pin_manager.c
		_PIN_MANAGER_Initialize		CODE           	1572	0000	54

mcc_generated_files/pin_manager.c estimated size: 54

ECU_Layer/LCD/lcd.c
		_lcd_4bit_send_command		CODE           	13C8	0000	92
		_lcd_send_4bits		CODE           	1424	0000	80
		_lcd_4bit_intialize		CODE           	1228	0000	230
		_lcd_4bit_send_enable_signal		CODE           	1604	0000	40

ECU_Layer/LCD/lcd.c estimated size: 442

mcc_generated_files/adc.c
		_ADC_DefaultInterruptHandler		CODE           	1702	0000	2
		_ADC_Initialize		CODE           	1650	0000	36
		_ADC_SetInterruptHandler		CODE           	16EA	0000	10
		_ADC_GetConversion		CODE           	1502	0000	58
		_ADC_ISR       		CODE           	15D6	0000	46

mcc_generated_files/adc.c estimated size: 152

MCAL_Layer/GPIO/gpio.c
		_gpio_pin_write_logic		CODE           	1118	0000	272
		_gpio_pin_intialize		CODE           	130E	0000	94
		_gpio_pin_direction_intialize		CODE           	1006	0000	274

MCAL_Layer/GPIO/gpio.c estimated size: 640

shared
		__initialization		CODE           	153C	0000	44

shared estimated size: 44

mcc_generated_files/mcc.c
		_OSCILLATOR_Initialize		CODE           	16C2	0000	10
		_SYSTEM_Initialize		CODE           	1674	0000	34

mcc_generated_files/mcc.c estimated size: 44

mcc_generated_files/eusart.c
		_EUSART_Initialize		CODE           	14C4	0000	62
		_EUSART_SetFramingErrorHandler		CODE           	16D6	0000	10
		_EUSART_SetErrorHandler		CODE           	16E0	0000	10
		_EUSART_SetOverrunErrorHandler		CODE           	16CC	0000	10

mcc_generated_files/eusart.c estimated size: 92

main.c
		_main          		CODE           	136C	0000	92

main.c estimated size: 92

